Command: /home/vinicius/.espressif/python_env/idf6.0_py3.14_env/bin/python /opt/esp-idf/tools/idf_monitor.py -p /dev/ttyUSB0 -b 115200 --toolchain-prefix xtensa-esp32-elf- --target esp32 --revision 0 /home/vinicius/Projetos/sistema-vacinas-esp32/build/sistema-vacinas-esp32.elf /home/vinicius/Projetos/sistema-vacinas-esp32/build/bootloader/bootloader.elf -m '/home/vinicius/.espressif/python_env/idf6.0_py3.14_env/bin/python' '/opt/esp-idf/tools/idf.py'
...
[0;32mI (191)�ets Jun  8 2016 00:22:57[0m

rst:0x1 (POWERON_RESET),boot:0x13 (SPI_FAST_FLASH_BOOT)
configsip: 0, SPIWP:0xee
clk_drv:0x00,q_drv:0x00,d_drv:0x00,cs0_drv:0x00,hd_drv:0x00,wp_drv:0x00
mode:DIO, clock div:2
load:0x3fff0040,len:6272
load:0x40078000,len:15848
load:0x40080400,len:3920
entry 0x40080644
[0;32mI (26) boot: ESP-IDF HEAD-HASH-NOTFOUND 2nd stage bootloader[0m
[0;32mI (27) boot: compile time Apr 26 2026 19:12:31[0m
[0;32mI (27) boot: Multicore bootloader[0m
[0;32mI (29) boot: chip revision: v1.0[0m
[0;32mI (32) boot.esp32: SPI Speed      : 40MHz[0m
[0;32mI (35) boot.esp32: SPI Mode       : DIO[0m
[0;32mI (39) boot.esp32: SPI Flash Size : 2MB[0m
[0;32mI (43) boot: Enabling RNG early entropy source...[0m
[0;32mI (47) boot: Partition Table:[0m
[0;32mI (50) boot: ## Label            Usage          Type ST Offset   Length[0m
[0;32mI (56) boot:  0 nvs              WiFi data        01 02 00009000 00006000[0m
[0;32mI (62) boot:  1 phy_init         RF data          01 01 0000f000 00001000[0m
[0;32mI (69) boot:  2 factory          factory app      00 00 00010000 00100000[0m
[0;32mI (76) boot: End of partition table[0m
[0;32mI (79) esp_image: segment 0: paddr=00010020 vaddr=3f400020 size=08698h ( 34456) map[0m
[0;32mI (99) esp_image: segment 1: paddr=000186c0 vaddr=3ffb0000 size=02a2ch ( 10796) load[0m
[0;32mI (103) esp_image: segment 2: paddr=0001b0f4 vaddr=40080000 size=04f24h ( 20260) load[0m
[0;32mI (112) esp_image: segment 3: paddr=00020020 vaddr=400d0020 size=0c910h ( 51472) map[0m
[0;32mI (130) esp_image: segment 4: paddr=0002c938 vaddr=40084f24 size=05c0ch ( 23564) load[0m
[0;32mI (140) esp_image: segment 5: paddr=0003254c vaddr=50000000 size=00028h (    40) load[0m
[0;32mI (146) boot: Loaded app from partition at offset 0x10000[0m
[0;32mI (146) boot: Disabling RNG early entropy source...[0m
[0;32mI (158) cpu_start: Multicore app[0m
[0;32mI (166) cpu_start: GPIO 3 and 1 are used as console UART I/O pins[0m
[0;32mI (167) cpu_start: Pro cpu start user code[0m
[0;32mI (167) cpu_start: cpu freq: 160000000 Hz[0m
[0;32mI (169) app_init: Application information:[0m
[0;32mI (172) app_init: Project name:     sistema-vacinas-esp32[0m
[0;32mI (178) app_init: App version:      9edc981-dirty[0m
[0;32mI (182) app_init: Compile time:     Apr 27 2026 20:40:52[0m
[0;32mI (187) app_init: ELF file SHA256:  1c0592bf1...[0m
[0;32mI (191) app_init: ESP-IDF:          HEAD-HASH-NOTFOUND[0m
[0;32mI (196) efuse_init: Min chip rev:     v0.0[0m
[0;32mI (200) efuse_init: Max chip rev:     v3.99 [0m
[0;32mI (204) efuse_init: Chip rev:         v1.0[0m
[0;32mI (208) heap_init: Initializing. RAM available for dynamic allocation:[0m
[0;32mI (214) heap_init: At 3FFAE6E0 len 00001920 (6 KiB): DRAM[0m
[0;32mI (219) heap_init: At 3FFB33D0 len 0002CC30 (179 KiB): DRAM[0m
[0;32mI (224) heap_init: At 3FFE0440 len 00003AE0 (14 KiB): D/IRAM[0m
[0;32mI (230) heap_init: At 3FFE4350 len 0001BCB0 (111 KiB): D/IRAM[0m
[0;32mI (235) heap_init: At 4008AB30 len 000154D0 (85 KiB): IRAM[0m
[0;32mI (242) spi_flash: detected chip: winbond[0m
[0;32mI (244) spi_flash: flash io: dio[0m
[0;33mW (247) spi_flash: Detected size(4096k) larger than the size in the binary image header(2048k). Using the size in the binary image header.[0m
[0;32mI (261) main_task: Started on CPU0[0m
[0;32mI (271) main_task: Calling app_main()[0m
Humidity: 90.0% Temp: 26.4C
[0;32mI (291) main_task: Returned from app_main()[0m
Humidity: 88.2% Temp: 26.5C
Humidity: 87.6% Temp: 26.5C
Humidity: 87.2% Temp: 26.5C
Humidity: 86.9% Temp: 26.5C
Humidity: 87.1% Temp: 26.5C
Humidity: 85.4% Temp: 26.5C
Humidity: 82.0% Temp: 26.6C
Humidity: 93.4% Temp: 26.8C
Humidity: 88.9% Temp: 27.2C
Humidity: 72.8% Temp: 27.6C
Humidity: 79.0% Temp: 27.7C
Humidity: 90.1% Temp: 27.8C
Humidity: 96.6% Temp: 27.9C
Humidity: 98.2% Temp: 28.0C
Humidity: 99.0% Temp: 28.0C
Humidity: 99.7% Temp: 28.0C
Humidity: 99.7% Temp: 28.0C
Humidity: 99.7% Temp: 28.0C
Humidity: 98.0% Temp: 27.9C
Humidity: 96.2% Temp: 27.9C
Humidity: 94.8% Temp: 27.8C
Humidity: 93.4% Temp: 27.8C
Humidity: 92.1% Temp: 27.7C
Humidity: 91.0% Temp: 27.7C
Humidity: 90.1% Temp: 27.7C
Humidity: 89.2% Temp: 27.7C
Humidity: 88.2% Temp: 27.6C
Humidity: 87.3% Temp: 27.6C
Humidity: 86.8% Temp: 27.6C
Humidity: 86.2% Temp: 27.6C
Humidity: 85.7% Temp: 27.5C
Humidity: 85.3% Temp: 27.5C
Humidity: 85.0% Temp: 27.5C
Humidity: 84.7% Temp: 27.5C
Humidity: 84.4% Temp: 27.5C
Humidity: 84.1% Temp: 27.4C
Humidity: 84.0% Temp: 27.4C
Humidity: 83.8% Temp: 27.4C
Humidity: 83.7% Temp: 27.4C
Humidity: 83.6% Temp: 27.3C
Humidity: 83.4% Temp: 27.3C
Humidity: 83.4% Temp: 27.3C
Humidity: 83.6% Temp: 27.3C
Humidity: 83.7% Temp: 27.3C
Humidity: 83.8% Temp: 27.2C
Humidity: 83.8% Temp: 27.2C
Humidity: 83.8% Temp: 27.2C
Humidity: 83.6% Temp: 27.2C
Humidity: 83.4% Temp: 27.2C
Humidity: 83.3% Temp: 27.2C
Humidity: 83.1% Temp: 27.1C
Humidity: 83.3% Temp: 27.1C
Humidity: 83.4% Temp: 27.1C
Humidity: 83.7% Temp: 27.1C
Humidity: 83.7% Temp: 27.1C
Humidity: 83.7% Temp: 27.1C
Humidity: 83.6% Temp: 27.1C
Humidity: 83.4% Temp: 27.1C
Humidity: 83.3% Temp: 27.0C
Humidity: 83.1% Temp: 27.0C
Humidity: 83.0% Temp: 27.0C
Humidity: 82.8% Temp: 27.0C
Humidity: 82.8% Temp: 27.0C
Humidity: 82.8% Temp: 27.0C
Humidity: 82.7% Temp: 27.0C
Humidity: 82.7% Temp: 26.9C
Humidity: 82.7% Temp: 26.9C
Humidity: 82.7% Temp: 26.9C
Humidity: 82.7% Temp: 26.9C
Humidity: 82.7% Temp: 26.9C
Humidity: 82.7% Temp: 26.9C
Humidity: 82.5% Temp: 26.9C
Humidity: 82.5% Temp: 26.8C
Humidity: 82.5% Temp: 26.9C
Humidity: 82.5% Temp: 26.9C
Humidity: 82.5% Temp: 26.8C
Humidity: 82.5% Temp: 26.8C
Humidity: 82.5% Temp: 26.8C
Humidity: 82.5% Temp: 26.8C
Humidity: 82.8% Temp: 26.8C
Humidity: 82.8% Temp: 26.8C
Humidity: 82.8% Temp: 26.8C
Humidity: 83.0% Temp: 26.7C
Humidity: 83.0% Temp: 26.7C
Humidity: 83.1% Temp: 26.7C
Humidity: 83.1% Temp: 26.7C
Humidity: 83.7% Temp: 26.7C
Humidity: 84.3% Temp: 26.7C
Humidity: 84.6% Temp: 26.7C
Humidity: 84.7% Temp: 26.7C
Humidity: 84.6% Temp: 26.7C
Humidity: 84.4% Temp: 26.7C
Humidity: 84.4% Temp: 26.7C
Humidity: 84.3% Temp: 26.7C
Humidity: 84.3% Temp: 26.6C
Humidity: 84.1% Temp: 26.6C
Humidity: 84.1% Temp: 26.6C
Humidity: 84.1% Temp: 26.6C
Humidity: 84.0% Temp: 26.6C
Humidity: 84.0% Temp: 26.6C
Humidity: 84.0% Temp: 26.6C
Humidity: 84.0% Temp: 26.6C
Humidity: 84.0% Temp: 26.6C
Humidity: 84.0% Temp: 26.5C
Humidity: 84.0% Temp: 26.5C
Humidity: 84.0% Temp: 26.5C
Humidity: 84.1% Temp: 26.5C
Humidity: 84.1% Temp: 26.5C
Humidity: 84.1% Temp: 26.5C
Humidity: 84.1% Temp: 26.5C
Humidity: 84.3% Temp: 26.5C
Humidity: 84.3% Temp: 26.5C
Humidity: 84.3% Temp: 26.5C
Humidity: 84.6% Temp: 26.5C
Humidity: 85.2% Temp: 26.5C
Humidity: 85.6% Temp: 26.5C
Humidity: 85.9% Temp: 26.5C
Humidity: 86.0% Temp: 26.5C
Humidity: 85.9% Temp: 26.4C
Humidity: 85.7% Temp: 26.5C
Humidity: 85.6% Temp: 26.4C
Humidity: 85.4% Temp: 26.4C
Humidity: 85.3% Temp: 26.4C
Humidity: 85.3% Temp: 26.4C
Humidity: 85.2% Temp: 26.4C
Humidity: 85.2% Temp: 26.4C
Humidity: 85.2% Temp: 26.4C
Humidity: 85.0% Temp: 26.4C
Humidity: 85.0% Temp: 26.4C
Humidity: 85.0% Temp: 26.4C
Humidity: 85.0% Temp: 26.4C
Humidity: 85.0% Temp: 26.4C
Humidity: 85.0% Temp: 26.4C
Humidity: 85.2% Temp: 26.4C
Humidity: 85.2% Temp: 26.4C
Humidity: 85.3% Temp: 26.3C
Humidity: 85.3% Temp: 26.3C
Humidity: 85.3% Temp: 26.3C
Humidity: 85.6% Temp: 26.3C
Humidity: 85.7% Temp: 26.3C
Humidity: 85.9% Temp: 26.3C
Humidity: 86.0% Temp: 26.3C
Humidity: 86.3% Temp: 26.3C
Humidity: 86.3% Temp: 26.3C
Humidity: 86.5% Temp: 26.3C
Humidity: 86.5% Temp: 26.3C
Humidity: 86.5% Temp: 26.3C
Humidity: 86.5% Temp: 26.3C
Humidity: 86.5% Temp: 26.3C
Humidity: 86.5% Temp: 26.3C
Humidity: 86.5% Temp: 26.3C
Humidity: 86.5% Temp: 26.3C
Humidity: 86.5% Temp: 26.3C
Humidity: 86.5% Temp: 26.3C
Humidity: 86.5% Temp: 26.3C
Humidity: 86.5% Temp: 26.2C
Humidity: 86.6% Temp: 26.3C
Humidity: 86.6% Temp: 26.2C
Humidity: 86.6% Temp: 26.2C
Humidity: 86.8% Temp: 26.2C
Humidity: 86.8% Temp: 26.2C
Humidity: 86.9% Temp: 26.2C
Humidity: 87.1% Temp: 26.2C
Humidity: 87.1% Temp: 26.2C
Humidity: 87.2% Temp: 26.2C
Humidity: 87.2% Temp: 26.2C
Humidity: 87.2% Temp: 26.2C
Humidity: 87.2% Temp: 26.2C
Humidity: 87.2% Temp: 26.2C
Humidity: 87.3% Temp: 26.2C
Humidity: 87.3% Temp: 26.2C
Humidity: 87.3% Temp: 26.2C
Humidity: 87.3% Temp: 26.2C
Humidity: 87.3% Temp: 26.2C
Humidity: 87.5% Temp: 26.2C
Humidity: 87.5% Temp: 26.2C
Humidity: 87.6% Temp: 26.2C
Humidity: 87.8% Temp: 26.2C
[1;31mE (361871) dht: Initialization error, problem in phase 'B'[0m
Could not read data from sensor
Humidity: 87.8% Temp: 26.2C
Humidity: 87.9% Temp: 26.2C
Humidity: 87.9% Temp: 26.2C
Humidity: 87.9% Temp: 26.2C
Humidity: 87.9% Temp: 26.2C
Humidity: 87.9% Temp: 26.1C
Humidity: 87.9% Temp: 26.1C
Humidity: 87.8% Temp: 26.2C
Humidity: 87.9% Temp: 26.2C
Humidity: 87.9% Temp: 26.1C
Humidity: 87.9% Temp: 26.1C
Humidity: 87.9% Temp: 26.1C
