Command: /home/vinicius/.espressif/python_env/idf6.0_py3.14_env/bin/python /opt/esp-idf/tools/idf_monitor.py -p /dev/ttyUSB0 -b 115200 --toolchain-prefix xtensa-esp32-elf- --target esp32 --revision 0 /home/vinicius/Projetos/sistema-vacinas-esp32/build/sistema-vacinas-esp32.elf /home/vinicius/Projetos/sistema-vacinas-esp32/build/bootloader/bootloader.elf -m '/home/vinicius/.espressif/python_env/idf6.0_py3.14_env/bin/python' '/opt/esp-idf/tools/idf.py'
[0;32mI (13) boot: ESP-IDF HEAD-HASH-NOTFOUND 2nd stage bootloader[0m
[0;32mI (13) boot: compile time Apr  9 2026 21:12:27[0m
[0;32mI (13) boot: Multicore bootloader[0m
[0;32mI (14) boot: chip revision: v1.0[0m
[0;32mI (17) boot.esp32: SPI Speed      : 40MHz[0m
[0;32mI (21) boot.esp32: SPI Mode       : DIO[0m
[0;32mI (24) boot.esp32: SPI Flash Size : 2MB[0m
[0;32mI (28) boot: Enabling RNG early entropy source...[0m
[0;32mI (32) boot: Partition Table:[0m
[0;32mI (35) boot: ## Label            Usage          Type ST Offset   Length[0m
[0;32mI (41) boot:  0 nvs              WiFi data        01 02 00009000 00006000[0m
[0;32mI (48) boot:  1 phy_init         RF data          01 01 0000f000 00001000[0m
[0;32mI (54) boot:  2 factory          factory app      00 00 00010000 00100000[0m
[0;32mI (61) boot: End of partition table[0m
[0;32mI (64) esp_image: segment 0: paddr=00010020 vaddr=3f400020 size=1f690h (128656) map[0m
[0;32mI (118) esp_image: segment 1: paddr=0002f6b8 vaddr=3ffb0000 size=00960h (  2400) load[0m
[0;32mI (119) esp_image: segment 2: paddr=00030020 vaddr=400d0020 size=9ed04h (650500) map[0m
[0;32mI (353) esp_image: segment 3: paddr=000ced2c vaddr=3ffb0960 size=03be8h ( 15336) load[0m
[0;32mI (359) esp_image: segment 4: paddr=000d291c vaddr=40080000 size=157c0h ( 88000) load[0m
[0;32mI (395) esp_image: segment 5: paddr=000e80e4 vaddr=50000000 size=00028h (    40) load[0m
[0;32mI (407) boot: Loaded app from partition at offset 0x10000[0m
[0;32mI (407) boot: Disabling RNG early entropy source...[0m
[0;32mI (417) cpu_start: Multicore app[0m
[0;32mI (425) cpu_start: GPIO 3 and 1 are used as console UART I/O pins[0m
[0;32mI (426) cpu_start: Pro cpu start user code[0m
[0;32mI (426) cpu_start: cpu freq: 160000000 Hz[0m
[0;32mI (428) app_init: Application information:[0m
[0;32mI (431) app_init: Project name:     sistema-vacinas-esp32[0m
[0;32mI (436) app_init: App version:      ef18fe4-dirty[0m
[0;32mI (441) app_init: Compile time:     Apr  9 2026 21:12:23[0m
[0;32mI (446) app_init: ELF file SHA256:  a26f7a2d9...[0m
[0;32mI (450) app_init: ESP-IDF:          HEAD-HASH-NOTFOUND[0m
[0;32mI (455) efuse_init: Min chip rev:     v0.0[0m
[0;32mI (459) efuse_init: Max chip rev:     v3.99 [0m
[0;32mI (463) efuse_init: Chip rev:         v1.0[0m
[0;32mI (467) heap_init: Initializing. RAM available for dynamic allocation:[0m
[0;32mI (473) heap_init: At 3FFAE6E0 len 00001920 (6 KiB): DRAM[0m
[0;32mI (478) heap_init: At 3FFB8EF8 len 00027108 (156 KiB): DRAM[0m
[0;32mI (483) heap_init: At 3FFE0440 len 00003AE0 (14 KiB): D/IRAM[0m
[0;32mI (489) heap_init: At 3FFE4350 len 0001BCB0 (111 KiB): D/IRAM[0m
[0;32mI (494) heap_init: At 400957C0 len 0000A840 (42 KiB): IRAM[0m
[0;32mI (501) spi_flash: detected chip: winbond[0m
[0;32mI (503) spi_flash: flash io: dio[0m
[0;33mW (506) spi_flash: Detected size(4096k) larger than the size in the binary image header(2048k). Using the size in the binary image header.[0m
[0;32mI (520) main_task: Started on CPU0[0m
[0;32mI (530) main_task: Calling app_main()[0m
[0;32mI (580) wifi:wifi driver task: 3ffc0a44, prio:23, stack:6656, core=0[0m
[0;32mI (600) wifi:wifi firmware version: 44738b4[0m
[0;32mI (600) wifi:wifi certification version: v7.0[0m
[0;32mI (600) wifi:config NVS flash: enabled[0m
[0;32mI (600) wifi:config nano formatting: disabled[0m
[0;32mI (600) wifi:Init data frame dynamic rx buffer num: 32[0m
[0;32mI (610) wifi:Init static rx mgmt buffer num: 5[0m
[0;32mI (610) wifi:Init management short buffer num: 32[0m
[0;32mI (620) wifi:Init dynamic tx buffer num: 32[0m
[0;32mI (620) wifi:Init static rx buffer size: 1600[0m
[0;32mI (620) wifi:Init static rx buffer num: 10[0m
[0;32mI (630) wifi:Init dynamic rx buffer num: 32[0m
[0;32mI (630) wifi_init: rx ba win: 6[0m
[0;32mI (630) wifi_init: accept mbox: 6[0m
[0;32mI (640) wifi_init: tcpip mbox: 32[0m
[0;32mI (640) wifi_init: udp mbox: 6[0m
[0;32mI (640) wifi_init: tcp mbox: 6[0m
[0;32mI (650) wifi_init: tcp tx win: 5760[0m
[0;32mI (650) wifi_init: tcp rx win: 5760[0m
[0;32mI (650) wifi_init: tcp mss: 1440[0m
[0;32mI (660) wifi_init: WiFi IRAM OP enabled[0m
[0;32mI (660) wifi_init: WiFi RX IRAM OP enabled[0m
[0;32mI (660) phy_init: phy_version 4863,a3a4459,Oct 28 2025,14:30:06[0m
[0;32mI (750) wifi:mode : sta (24:0a:c4:30:ef:58)[0m
[0;32mI (750) wifi:enable tsf[0m
[0;32mI (750) wifi station: wifi_init_sta finished.[0m
[0;32mI (770) wifi:new:<1,0>, old:<1,0>, ap:<255,255>, sta:<1,0>, prof:1, snd_ch_cfg:0x0[0m
[0;32mI (770) wifi:state: init -> auth (0xb0)[0m
[0;32mI (800) wifi:state: auth -> assoc (0x0)[0m
[0;32mI (810) wifi:state: assoc -> run (0x10)[0m
[0;32mI (930) wifi:connected with Bebel, aid = 14, channel 1, BW20, bssid = 84:0b:bb:82:4d:70[0m
[0;32mI (930) wifi:security: WPA2-PSK, phy: bgn, rssi: -48[0m
[0;32mI (930) wifi:pm start, type: 1[0m

[0;32mI (930) wifi:dp: 1, bi: 102400, li: 3, scale listen interval from 307200 us to 307200 us[0m
[0;32mI (960) wifi:AP's beacon interval = 102400 us, DTIM period = 3[0m
[0;32mI (1160) wifi:<ba-add>idx:0 (ifx:0, 84:0b:bb:82:4d:70), tid:0, ssn:0, winSize:64[0m
[0;32mI (2210) esp_netif_handlers: sta ip: 192.168.15.25, mask: 255.255.255.0, gw: 192.168.15.1[0m
[0;32mI (2210) wifi station: got ip:192.168.15.25[0m
[0;32mI (2210) wifi station: connected to ap SSID:Bebel password:Jhonny2026[0m
ESP_ERROR_CHECK failed: esp_err_t 0x107 (ESP_ERR_TIMEOUT) at 0x400db803
file: "./main/temp.c" line 40
func: temp_task
expression: adc_oneshot_read(adc_handle, ADC_CHANNEL_3, &raw)

abort() was called at PC 0x4008983f on core 0


Backtrace: 0x400898e5:0x3ffc8a20 0x400898ad:0x3ffc8a40 0x400893e5:0x3ffc8a60 0x4008983f:0x3ffc8ad0 0x400db803:0x3ffc8b00 0x4016adbe:0x3ffc8b40




ELF file SHA256: a26f7a2d9

Rebooting...
[0;32mI (12) boot: ESP-IDF HEAD-HASH-NOTFOUND 2nd stage bootloader[0m
[0;32mI (13) boot: compile time Apr  9 2026 21:12:27[0m
[0;32mI (13) boot: Multicore bootloader[0m
[0;32mI (14) boot: chip revision: v1.0[0m
[0;32mI (17) boot.esp32: SPI Speed      : 40MHz[0m
[0;32mI (20) boot.esp32: SPI Mode       : DIO[0m
[0;32mI (24) boot.esp32: SPI Flash Size : 2MB[0m
[0;32mI (28) boot: Enabling RNG early entropy source...[0m
[0;32mI (32) boot: Partition Table:[0m
[0;32mI (35) boot: ## Label            Usage          Type ST Offset   Length[0m
[0;32mI (41) boot:  0 nvs              WiFi data        01 02 00009000 00006000[0m
[0;32mI (48) boot:  1 phy_init         RF data          01 01 0000f000 00001000[0m
[0;32mI (54) boot:  2 factory          factory app      00 00 00010000 00100000[0m
[0;32mI (61) boot: End of partition table[0m
[0;32mI (64) esp_image: segment 0: paddr=00010020 vaddr=3f400020 size=1f690h (128656) map[0m
[0;32mI (117) esp_image: segment 1: paddr=0002f6b8 vaddr=3ffb0000 size=00960h (  2400) load[0m
[0;32mI (118) esp_image: segment 2: paddr=00030020 vaddr=400d0020 size=9ed04h (650500) map[0m
[0;32mI (353) esp_image: segment 3: paddr=000ced2c vaddr=3ffb0960 size=03be8h ( 15336) load[0m
[0;32mI (359) esp_image: segment 4: paddr=000d291c vaddr=40080000 size=157c0h ( 88000) load[0m
[0;32mI (395) esp_image: segment 5: paddr=000e80e4 vaddr=50000000 size=00028h (    40) load[0m
[0;32mI (406) boot: Loaded app from partition at offset 0x10000[0m
[0;32mI (406) boot: Disabling RNG early entropy source...[0m
[0;32mI (417) cpu_start: Multicore app[0m
[0;32mI (425) cpu_start: GPIO 3 and 1 are used as console UART I/O pins[0m
[0;32mI (425) cpu_start: Pro cpu start user code[0m
[0;32mI (425) cpu_start: cpu freq: 160000000 Hz[0m
[0;32mI (427) app_init: Application information:[0m
[0;32mI (431) app_init: Project name:     sistema-vacinas-esp32[0m
[0;32mI (436) app_init: App version:      ef18fe4-dirty[0m
[0;32mI (441) app_init: Compile time:     Apr  9 2026 21:12:23[0m
[0;32mI (446) app_init: ELF file SHA256:  a26f7a2d9...[0m
[0;32mI (450) app_init: ESP-IDF:          HEAD-HASH-NOTFOUND[0m
[0;32mI (455) efuse_init: Min chip rev:     v0.0[0m
[0;32mI (459) efuse_init: Max chip rev:     v3.99 [0m
[0;32mI (463) efuse_init: Chip rev:         v1.0[0m
[0;32mI (467) heap_init: Initializing. RAM available for dynamic allocation:[0m
[0;32mI (473) heap_init: At 3FFAE6E0 len 00001920 (6 KiB): DRAM[0m
[0;32mI (478) heap_init: At 3FFB8EF8 len 00027108 (156 KiB): DRAM[0m
[0;32mI (483) heap_init: At 3FFE0440 len 00003AE0 (14 KiB): D/IRAM[0m
[0;32mI (488) heap_init: At 3FFE4350 len 0001BCB0 (111 KiB): D/IRAM[0m
[0;32mI (494) heap_init: At 400957C0 len 0000A840 (42 KiB): IRAM[0m
[0;32mI (501) spi_flash: detected chip: winbond[0m
[0;32mI (503) spi_flash: flash io: dio[0m
[0;33mW (506) spi_flash: Detected size(4096k) larger than the size in the binary image header(2048k). Using the size in the binary image header.[0m
[0;32mI (520) main_task: Started on CPU0[0m
[0;32mI (530) main_task: Calling app_main()[0m
[0;32mI (580) wifi:wifi driver task: 3ffc0a44, prio:23, stack:6656, core=0[0m
[0;32mI (600) wifi:wifi firmware version: 44738b4[0m
[0;32mI (600) wifi:wifi certification version: v7.0[0m
[0;32mI (600) wifi:config NVS flash: enabled[0m
[0;32mI (600) wifi:config nano formatting: disabled[0m
[0;32mI (600) wifi:Init data frame dynamic rx buffer num: 32[0m
[0;32mI (610) wifi:Init static rx mgmt buffer num: 5[0m
[0;32mI (610) wifi:Init management short buffer num: 32[0m
[0;32mI (620) wifi:Init dynamic tx buffer num: 32[0m
[0;32mI (620) wifi:Init static rx buffer size: 1600[0m
[0;32mI (620) wifi:Init static rx buffer num: 10[0m
[0;32mI (630) wifi:Init dynamic rx buffer num: 32[0m
[0;32mI (630) wifi_init: rx ba win: 6[0m
[0;32mI (630) wifi_init: accept mbox: 6[0m
[0;32mI (640) wifi_init: tcpip mbox: 32[0m
[0;32mI (640) wifi_init: udp mbox: 6[0m
[0;32mI (640) wifi_init: tcp mbox: 6[0m
[0;32mI (650) wifi_init: tcp tx win: 5760[0m
[0;32mI (650) wifi_init: tcp rx win: 5760[0m
[0;32mI (650) wifi_init: tcp mss: 1440[0m
[0;32mI (660) wifi_init: WiFi IRAM OP enabled[0m
[0;32mI (660) wifi_init: WiFi RX IRAM OP enabled[0m
[0;32mI (660) phy_init: phy_version 4863,a3a4459,Oct 28 2025,14:30:06[0m
[0;32mI (750) wifi:mode : sta (24:0a:c4:30:ef:58)[0m
[0;32mI (750) wifi:enable tsf[0m
[0;32mI (750) wifi station: wifi_init_sta finished.[0m
[0;32mI (760) wifi:new:<1,0>, old:<1,0>, ap:<255,255>, sta:<1,0>, prof:1, snd_ch_cfg:0x0[0m
[0;32mI (760) wifi:state: init -> auth (0xb0)[0m
[0;32mI (800) wifi:state: auth -> assoc (0x0)[0m
[0;32mI (810) wifi:state: assoc -> run (0x10)[0m
[0;32mI (920) wifi:connected with Bebel, aid = 14, channel 1, BW20, bssid = 84:0b:bb:82:4d:70[0m
[0;32mI (920) wifi:security: WPA2-PSK, phy: bgn, rssi: -49[0m
[0;32mI (920) wifi:pm start, type: 1[0m

[0;32mI (920) wifi:dp: 1, bi: 102400, li: 3, scale listen interval from 307200 us to 307200 us[0m
[0;32mI (940) wifi:AP's beacon interval = 102400 us, DTIM period = 3[0m
[0;32mI (1360) wifi:<ba-add>idx:0 (ifx:0, 84:0b:bb:82:4d:70), tid:0, ssn:0, winSize:64[0m
[0;32mI (2390) esp_netif_handlers: sta ip: 192.168.15.25, mask: 255.255.255.0, gw: 192.168.15.1[0m
[0;32mI (2390) wifi station: got ip:192.168.15.25[0m
[0;32mI (2390) wifi station: connected to ap SSID:Bebel password:Jhonny2026[0m
ESP_ERROR_CHECK failed: esp_err_t 0x107 (ESP_ERR_TIMEOUT) at 0x400db803
file: "./main/temp.c" line 40
func: temp_task
expression: adc_oneshot_read(adc_handle, ADC_CHANNEL_3, &raw)

abort() was called at PC 0x4008983f on core 0


Backtrace: 0x400898e5:0x3ffc8a20 0x400898ad:0x3ffc8a40 0x400893e5:0x3ffc8a60 0x4008983f:0x3ffc8ad0 0x400db803:0x3ffc8b00 0x4016adbe:0x3ffc8b40




ELF file SHA256: a26f7a2d9

Rebooting...
[0;32mI (12) boot: ESP-IDF HEAD-HASH-NOTFOUND 2nd stage bootloader[0m
[0;32mI (13) boot: compile time Apr  9 2026 21:12:27[0m
[0;32mI (13) boot: Multicore bootloader[0m
[0;32mI (14) boot: chip revision: v1.0[0m
[0;32mI (17) boot.esp32: SPI Speed      : 40MHz[0m
[0;32mI (20) boot.esp32: SPI Mode       : DIO[0m
[0;32mI (24) boot.esp32: SPI Flash Size : 2MB[0m
[0;32mI (28) boot: Enabling RNG early entropy source...[0m
[0;32mI (32) boot: Partition Table:[0m
[0;32mI (35) boot: ## Label            Usage          Type ST Offset   Length[0m
[0;32mI (41) boot:  0 nvs              WiFi data        01 02 00009000 00006000[0m
[0;32mI (48) boot:  1 phy_init         RF data          01 01 0000f000 00001000[0m
[0;32mI (54) boot:  2 factory          factory app      00 00 00010000 00100000[0m
[0;32mI (61) boot: End of partition table[0m
[0;32mI (64) esp_image: segment 0: paddr=00010020 vaddr=3f400020 size=1f690h (128656) map[0m
[0;32mI (117) esp_image: segment 1: paddr=0002f6b8 vaddr=3ffb0000 size=00960h (  2400) load[0m
[0;32mI (118) esp_image: segment 2: paddr=00030020 vaddr=400d0020 size=9ed04h (650500) map[0m
[0;32mI (353) esp_image: segment 3: paddr=000ced2c vaddr=3ffb0960 size=03be8h ( 15336) load[0m
[0;32mI (359) esp_image: segment 4: paddr=000d291c vaddr=40080000 size=157c0h ( 88000) load[0m
[0;32mI (395) esp_image: segment 5: paddr=000e80e4 vaddr=50000000 size=00028h (    40) load[0m
[0;32mI (406) boot: Loaded app from partition at offset 0x10000[0m
[0;32mI (406) boot: Disabling RNG early entropy source...[0m
[0;32mI (417) cpu_start: Multicore app[0m
[0;32mI (425) cpu_start: GPIO 3 and 1 are used as console UART I/O pins[0m
[0;32mI (425) cpu_start: Pro cpu start user code[0m
[0;32mI (425) cpu_start: cpu freq: 160000000 Hz[0m
[0;32mI (427) app_init: Application information:[0m
[0;32mI (431) app_init: Project name:     sistema-vacinas-esp32[0m
[0;32mI (436) app_init: App version:      ef18fe4-dirty[0m
[0;32mI (441) app_init: Compile time:     Apr  9 2026 21:12:23[0m
[0;32mI (446) app_init: ELF file SHA256:  a26f7a2d9...[0m
[0;32mI (450) app_init: ESP-IDF:          HEAD-HASH-NOTFOUND[0m
[0;32mI (455) efuse_init: Min chip rev:     v0.0[0m
[0;32mI (459) efuse_init: Max chip rev:     v3.99 [0m
[0;32mI (463) efuse_init: Chip rev:         v1.0[0m
[0;32mI (467) heap_init: Initializing. RAM available for dynamic allocation:[0m
[0;32mI (473) heap_init: At 3FFAE6E0 len 00001920 (6 KiB): DRAM[0m
[0;32mI (478) heap_init: At 3FFB8EF8 len 00027108 (156 KiB): DRAM[0m
[0;32mI (483) heap_init: At 3FFE0440 len 00003AE0 (14 KiB): D/IRAM[0m
[0;32mI (488) heap_init: At 3FFE4350 len 0001BCB0 (111 KiB): D/IRAM[0m
[0;32mI (494) heap_init: At 400957C0 len 0000A840 (42 KiB): IRAM[0m
[0;32mI (501) spi_flash: detected chip: winbond[0m
[0;32mI (503) spi_flash: flash io: dio[0m
[0;33mW (506) spi_flash: Detected size(4096k) larger than the size in the binary image header(2048k). Using the size in the binary image header.[0m
[0;32mI (520) main_task: Started on CPU0[0m
[0;32mI (530) main_task: Calling app_main()[0m
[0;32mI (580) wifi:wifi driver task: 3ffc0a44, prio:23, stack:6656, core=0[0m
[0;32mI (600) wifi:wifi firmware version: 44738b4[0m
[0;32mI (600) wifi:wifi certification version: v7.0[0m
[0;32mI (600) wifi:config NVS flash: enabled[0m
[0;32mI (600) wifi:config nano formatting: disabled[0m
[0;32mI (600) wifi:Init data frame dynamic rx buffer num: 32[0m
[0;32mI (610) wifi:Init static rx mgmt buffer num: 5[0m
[0;32mI (610) wifi:Init management short buffer num: 32[0m
[0;32mI (620) wifi:Init dynamic tx buffer num: 32[0m
[0;32mI (620) wifi:Init static rx buffer size: 1600[0m
[0;32mI (620) wifi:Init static rx buffer num: 10[0m
[0;32mI (630) wifi:Init dynamic rx buffer num: 32[0m
[0;32mI (630) wifi_init: rx ba win: 6[0m
[0;32mI (630) wifi_init: accept mbox: 6[0m
[0;32mI (640) wifi_init: tcpip mbox: 32[0m
[0;32mI (640) wifi_init: udp mbox: 6[0m
[0;32mI (640) wifi_init: tcp mbox: 6[0m
[0;32mI (650) wifi_init: tcp tx win: 5760[0m
[0;32mI (650) wifi_init: tcp rx win: 5760[0m
[0;32mI (650) wifi_init: tcp mss: 1440[0m
[0;32mI (660) wifi_init: WiFi IRAM OP enabled[0m
[0;32mI (660) wifi_init: WiFi RX IRAM OP enabled[0m
[0;32mI (660) phy_init: phy_version 4863,a3a4459,Oct 28 2025,14:30:06[0m
[0;32mI (750) wifi:mode : sta (24:0a:c4:30:ef:58)[0m
[0;32mI (750) wifi:enable tsf[0m
[0;32mI (750) wifi station: wifi_init_sta finished.[0m
[0;32mI (760) wifi:new:<1,0>, old:<1,0>, ap:<255,255>, sta:<1,0>, prof:1, snd_ch_cfg:0x0[0m
[0;32mI (760) wifi:state: init -> auth (0xb0)[0m
[0;32mI (800) wifi:state: auth -> assoc (0x0)[0m
[0;32mI (810) wifi:state: assoc -> run (0x10)[0m
[0;32mI (920) wifi:connected with Bebel, aid = 14, channel 1, BW20, bssid = 84:0b:bb:82:4d:70[0m
[0;32mI (920) wifi:security: WPA2-PSK, phy: bgn, rssi: -47[0m
[0;32mI (930) wifi:pm start, type: 1[0m

[0;32mI (930) wifi:dp: 1, bi: 102400, li: 3, scale listen interval from 307200 us to 307200 us[0m
[0;32mI (950) wifi:AP's beacon interval = 102400 us, DTIM period = 3[0m
[0;32mI (1370) wifi:<ba-add>idx:0 (ifx:0, 84:0b:bb:82:4d:70), tid:0, ssn:0, winSize:64[0m
[0;32mI (2440) esp_netif_handlers: sta ip: 192.168.15.25, mask: 255.255.255.0, gw: 192.168.15.1[0m
[0;32mI (2440) wifi station: got ip:192.168.15.25[0m
[0;32mI (2440) wifi station: connected to ap SSID:Bebel password:Jhonny2026[0m
ESP_ERROR_CHECK failed: esp_err_t 0x107 (ESP_ERR_TIMEOUT) at 0x400db803
file: "./main/temp.c" line 40
func: temp_task
expression: adc_oneshot_read(adc_handle, ADC_CHANNEL_3, &raw)

abort() was called at PC 0x4008983f on core 0


Backtrace: 0x400898e5:0x3ffc8a20 0x400898ad:0x3ffc8a40 0x400893e5:0x3ffc8a60 0x4008983f:0x3ffc8ad0 0x400db803:0x3ffc8b00 0x4016adbe:0x3ffc8b40




ELF file SHA256: a26f7a2d9

Rebooting...
[0;32mI (12) boot: ESP-IDF HEAD-HASH-NOTFOUND 2nd stage bootloader[0m
[0;32mI (13) boot: compile time Apr  9 2026 21:12:27[0m
[0;32mI (13) boot: Multicore bootloader[0m
[0;32mI (14) boot: chip revision: v1.0[0m
[0;32mI (17) boot.esp32: SPI Speed      : 40MHz[0m
[0;32mI (20) boot.esp32: SPI Mode       : DIO[0m
[0;32mI (24) boot.esp32: SPI Flash Size : 2MB[0m
[0;32mI (28) boot: Enabling RNG early entropy source...[0m
[0;32mI (32) boot: Partition Table:[0m
[0;32mI (35) boot: ## Label            Usage          Type ST Offset   Length[0m
[0;32mI (41) boot:  0 nvs              WiFi data        01 02 00009000 00006000[0m
[0;32mI (48) boot:  1 phy_init         RF data          01 01 0000f000 00001000[0m
[0;32mI (54) boot:  2 factory          factory app      00 00 00010000 00100000[0m
[0;32mI (61) boot: End of partition table[0m
[0;32mI (64) esp_image: segment 0: paddr=00010020 vaddr=3f400020 size=1f690h (128656) map[0m
[0;32mI (117) esp_image: segment 1: paddr=0002f6b8 vaddr=3ffb0000 size=00960h (  2400) load[0m
[0;32mI (118) esp_image: segment 2: paddr=00030020 vaddr=400d0020 size=9ed04h (650500) map[0m
[0;32mI (353) esp_image: segment 3: paddr=000ced2c vaddr=3ffb0960 size=03be8h ( 15336) load[0m
[0;32mI (359) esp_image: segment 4: paddr=000d291c vaddr=40080000 size=157c0h ( 88000) load[0m
[0;32mI (395) esp_image: segment 5: paddr=000e80e4 vaddr=50000000 size=00028h (    40) load[0m
[0;32mI (406) boot: Loaded app from partition at offset 0x10000[0m
[0;32mI (406) boot: Disabling RNG early entropy source...[0m
[0;32mI (417) cpu_start: Multicore app[0m
[0;32mI (425) cpu_start: GPIO 3 and 1 are used as console UART I/O pins[0m
[0;32mI (425) cpu_start: Pro cpu start user code[0m
[0;32mI (425) cpu_start: cpu freq: 160000000 Hz[0m
[0;32mI (427) app_init: Application information:[0m
[0;32mI (431) app_init: Project name:     sistema-vacinas-esp32[0m
[0;32mI (436) app_init: App version:      ef18fe4-dirty[0m
[0;32mI (441) app_init: Compile time:     Apr  9 2026 21:12:23[0m
[0;32mI (446) app_init: ELF file SHA256:  a26f7a2d9...[0m
[0;32mI (450) app_init: ESP-IDF:          HEAD-HASH-NOTFOUND[0m
[0;32mI (455) efuse_init: Min chip rev:     v0.0[0m
[0;32mI (459) efuse_init: Max chip rev:     v3.99 [0m
[0;32mI (463) efuse_init: Chip rev:         v1.0[0m
[0;32mI (467) heap_init: Initializing. RAM available for dynamic allocation:[0m
[0;32mI (473) heap_init: At 3FFAE6E0 len 00001920 (6 KiB): DRAM[0m
[0;32mI (478) heap_init: At 3FFB8EF8 len 00027108 (156 KiB): DRAM[0m
[0;32mI (483) heap_init: At 3FFE0440 len 00003AE0 (14 KiB): D/IRAM[0m
[0;32mI (488) heap_init: At 3FFE4350 len 0001BCB0 (111 KiB): D/IRAM[0m
[0;32mI (494) heap_init: At 400957C0 len 0000A840 (42 KiB): IRAM[0m
[0;32mI (501) spi_flash: detected chip: winbond[0m
[0;32mI (503) spi_flash: flash io: dio[0m
[0;33mW (506) spi_flash: Detected size(4096k) larger than the size in the binary image header(2048k). Using the size in the binary image header.[0m
[0;32mI (520) main_task: Started on CPU0[0m
[0;32mI (530) main_task: Calling app_main()[0m
[0;32mI (580) wifi:wifi driver task: 3ffc0a44, prio:23, stack:6656, core=0[0m
[0;32mI (600) wifi:wifi firmware version: 44738b4[0m
[0;32mI (600) wifi:wifi certification version: v7.0[0m
[0;32mI (600) wifi:config NVS flash: enabled[0m
[0;32mI (600) wifi:config nano formatting: disabled[0m
[0;32mI (600) wifi:Init data frame dynamic rx buffer num: 32[0m
[0;32mI (610) wifi:Init static rx mgmt buffer num: 5[0m
[0;32mI (610) wifi:Init management short buffer num: 32[0m
[0;32mI (620) wifi:Init dynamic tx buffer num: 32[0m
[0;32mI (620) wifi:Init static rx buffer size: 1600[0m
[0;32mI (620) wifi:Init static rx buffer num: 10[0m
[0;32mI (630) wifi:Init dynamic rx buffer num: 32[0m
[0;32mI (630) wifi_init: rx ba win: 6[0m
[0;32mI (630) wifi_init: accept mbox: 6[0m
[0;32mI (640) wifi_init: tcpip mbox: 32[0m
[0;32mI (640) wifi_init: udp mbox: 6[0m
[0;32mI (640) wifi_init: tcp mbox: 6[0m
[0;32mI (650) wifi_init: tcp tx win: 5760[0m
[0;32mI (650) wifi_init: tcp rx win: 5760[0m
[0;32mI (650) wifi_init: tcp mss: 1440[0m
[0;32mI (660) wifi_init: WiFi IRAM OP enabled[0m
[0;32mI (660) wifi_init: WiFi RX IRAM OP enabled[0m
[0;32mI (660) phy_init: phy_version 4863,a3a4459,Oct 28 2025,14:30:06[0m
[0;32mI (750) wifi:mode : sta (24:0a:c4:30:ef:58)[0m
[0;32mI (750) wifi:enable tsf[0m
[0;32mI (750) wifi station: wifi_init_sta finished.[0m
[0;32mI (760) wifi:new:<1,0>, old:<1,0>, ap:<255,255>, sta:<1,0>, prof:1, snd_ch_cfg:0x0[0m
[0;32mI (770) wifi:state: init -> auth (0xb0)[0m
[0;32mI (800) wifi:state: auth -> assoc (0x0)[0m
[0;32mI (820) wifi:state: assoc -> run (0x10)[0m
[0;32mI (940) wifi:connected with Bebel, aid = 14, channel 1, BW20, bssid = 84:0b:bb:82:4d:70[0m
[0;32mI (940) wifi:security: WPA2-PSK, phy: bgn, rssi: -48[0m
[0;32mI (950) wifi:pm start, type: 1[0m

[0;32mI (950) wifi:dp: 1, bi: 102400, li: 3, scale listen interval from 307200 us to 307200 us[0m
[0;32mI (1020) wifi:AP's beacon interval = 102400 us, DTIM period = 3[0m
[0;32mI (1330) wifi:<ba-add>idx:0 (ifx:0, 84:0b:bb:82:4d:70), tid:0, ssn:0, winSize:64[0m
[0;32mI (2370) esp_netif_handlers: sta ip: 192.168.15.25, mask: 255.255.255.0, gw: 192.168.15.1[0m
[0;32mI (2370) wifi station: got ip:192.168.15.25[0m
[0;32mI (2370) wifi station: connected to ap SSID:Bebel password:Jhonny2026[0m
ESP_ERROR_CHECK failed: esp_err_t 0x107 (ESP_ERR_TIMEOUT) at 0x400db803
file: "./main/temp.c" line 40
func: temp_task
expression: adc_oneshot_read(adc_handle, ADC_CHANNEL_3, &raw)

abort() was called at PC 0x4008983f on core 0


Backtrace: 0x400898e5:0x3ffc8a20 0x400898ad:0x3ffc8a40 0x400893e5:0x3ffc8a60 0x4008983f:0x3ffc8ad0 0x400db803:0x3ffc8b00 0x4016adbe:0x3ffc8b40




ELF file SHA256: a26f7a2d9

Rebooting...
[0;32mI (12) boot: ESP-IDF HEAD-HASH-NOTFOUND 2nd stage bootloader[0m
[0;32mI (13) boot: compile time Apr  9 2026 21:12:27[0m
[0;32mI (13) boot: Multicore bootloader[0m
[0;32mI (14) boot: chip revision: v1.0[0m
[0;32mI (17) boot.esp32: SPI Speed      : 40MHz[0m
[0;32mI (20) boot.esp32: SPI Mode       : DIO[0m
[0;32mI (24) boot.esp32: SPI Flash Size : 2MB[0m
[0;32mI (28) boot: Enabling RNG early entropy source...[0m
[0;32mI (32) boot: Partition Table:[0m
[0;32mI (35) boot: ## Label            Usage          Type ST Offset   Length[0m
[0;32mI (41) boot:  0 nvs              WiFi data        01 02 00009000 00006000[0m
[0;32mI (48) boot:  1 phy_init         RF data          01 01 0000f000 00001000[0m
[0;32mI (54) boot:  2 factory          factory app      00 00 00010000 00100000[0m
[0;32mI (61) boot: End of partition table[0m
[0;32mI (64) esp_image: segment 0: paddr=00010020 vaddr=3f400020 size=1f690h (128656) map[0m
[0;32mI (117) esp_image: segment 1: paddr=0002f6b8 vaddr=3ffb0000 size=00960h (  2400) load[0m
[0;32mI (118) esp_image: segment 2: paddr=00030020 vaddr=400d0020 size=9ed04h (650500) map[0m
[0;32mI (353) esp_image: segment 3: paddr=000ced2c vaddr=3ffb0960 size=03be8h ( 15336) load[0m
[0;32mI (359) esp_image: segment 4: paddr=000d291c vaddr=40080000 size=157c0h ( 88000) load[0m
[0;32mI (395) esp_image: segment 5: paddr=000e80e4 vaddr=50000000 size=00028h (    40) load[0m
[0;32mI (406) boot: Loaded app from partition at offset 0x10000[0m
[0;32mI (406) boot: Disabling RNG early entropy source...[0m
[0;32mI (417) cpu_start: Multicore app[0m
[0;32mI (425) cpu_start: GPIO 3 and 1 are used as console UART I/O pins[0m
[0;32mI (425) cpu_start: Pro cpu start user code[0m
[0;32mI (425) cpu_start: cpu freq: 160000000 Hz[0m
[0;32mI (427) app_init: Application information:[0m
[0;32mI (431) app_init: Project name:     sistema-vacinas-esp32[0m
[0;32mI (436) app_init: App version:      ef18fe4-dirty[0m
[0;32mI (441) app_init: Compile time:     Apr  9 2026 21:12:23[0m
[0;32mI (446) app_init: ELF file SHA256:  a26f7a2d9...[0m
[0;32mI (450) app_init: ESP-IDF:          HEAD-HASH-NOTFOUND[0m
[0;32mI (455) efuse_init: Min chip rev:     v0.0[0m
[0;32mI (459) efuse_init: Max chip rev:     v3.99 [0m
[0;32mI (463) efuse_init: Chip rev:         v1.0[0m
[0;32mI (467) heap_init: Initializing. RAM available for dynamic allocation:[0m
[0;32mI (473) heap_init: At 3FFAE6E0 len 00001920 (6 KiB): DRAM[0m
[0;32mI (478) heap_init: At 3FFB8EF8 len 00027108 (156 KiB): DRAM[0m
[0;32mI (483) heap_init: At 3FFE0440 len 00003AE0 (14 KiB): D/IRAM[0m
[0;32mI (488) heap_init: At 3FFE4350 len 0001BCB0 (111 KiB): D/IRAM[0m
[0;32mI (494) heap_init: At 400957C0 len 0000A840 (42 KiB): IRAM[0m
[0;32mI (501) spi_flash: detected chip: winbond[0m
[0;32mI (503) spi_flash: flash io: dio[0m
[0;33mW (506) spi_flash: Detected size(4096k) larger than the size in the binary image header(2048k). Using the size in the binary image header.[0m
[0;32mI (520) main_task: Started on CPU0[0m
[0;32mI (530) main_task: Calling app_main()[0m
[0;32mI (580) wifi:wifi driver task: 3ffc0a44, prio:23, stack:6656, core=0[0m
[0;32mI (600) wifi:wifi firmware version: 44738b4[0m
[0;32mI (600) wifi:wifi certification version: v7.0[0m
[0;32mI (600) wifi:config NVS flash: enabled[0m
[0;32mI (600) wifi:config nano formatting: disabled[0m
[0;32mI (600) wifi:Init data frame dynamic rx buffer num: 32[0m
[0;32mI (610) wifi:Init static rx mgmt buffer num: 5[0m
[0;32mI (610) wifi:Init management short buffer num: 32[0m
[0;32mI (620) wifi:Init dynamic tx buffer num: 32[0m
[0;32mI (620) wifi:Init static rx buffer size: 1600[0m
[0;32mI (620) wifi:Init static rx buffer num: 10[0m
[0;32mI (630) wifi:Init dynamic rx buffer num: 32[0m
[0;32mI (630) wifi_init: rx ba win: 6[0m
[0;32mI (630) wifi_init: accept mbox: 6[0m
[0;32mI (640) wifi_init: tcpip mbox: 32[0m
[0;32mI (640) wifi_init: udp mbox: 6[0m
[0;32mI (640) wifi_init: tcp mbox: 6[0m
[0;32mI (650) wifi_init: tcp tx win: 5760[0m
[0;32mI (650) wifi_init: tcp rx win: 5760[0m
[0;32mI (650) wifi_init: tcp mss: 1440[0m
[0;32mI (660) wifi_init: WiFi IRAM OP enabled[0m
[0;32mI (660) wifi_init: WiFi RX IRAM OP enabled[0m
[0;32mI (660) phy_init: phy_version 4863,a3a4459,Oct 28 2025,14:30:06[0m
[0;32mI (750) wifi:mode : sta (24:0a:c4:30:ef:58)[0m
[0;32mI (750) wifi:enable tsf[0m
[0;32mI (750) wifi station: wifi_init_sta finished.[0m
[0;32mI (760) wifi:new:<1,0>, old:<1,0>, ap:<255,255>, sta:<1,0>, prof:1, snd_ch_cfg:0x0[0m
[0;32mI (760) wifi:state: init -> auth (0xb0)[0m
[0;32mI (800) wifi:state: auth -> assoc (0x0)[0m
[0;32mI (810) wifi:state: assoc -> run (0x10)[0m
[0;32mI (920) wifi:connected with Bebel, aid = 14, channel 1, BW20, bssid = 84:0b:bb:82:4d:70[0m
[0;32mI (920) wifi:security: WPA2-PSK, phy: bgn, rssi: -47[0m
[0;32mI (920) wifi:pm start, type: 1[0m

[0;32mI (920) wifi:dp: 1, bi: 102400, li: 3, scale listen interval from 307200 us to 307200 us[0m
[0;32mI (940) wifi:AP's beacon interval = 102400 us, DTIM period = 3[0m
[0;32mI (1360) wifi:<ba-add>idx:0 (ifx:0, 84:0b:bb:82:4d:70), tid:0, ssn:0, winSize:64[0m
[0;32mI (2410) esp_netif_handlers: sta ip: 192.168.15.25, mask: 255.255.255.0, gw: 192.168.15.1[0m
[0;32mI (2410) wifi station: got ip:192.168.15.25[0m
[0;32mI (2410) wifi station: connected to ap SSID:Bebel password:Jhonny2026[0m
ESP_ERROR_CHECK failed: esp_err_t 0x107 (ESP_ERR_TIMEOUT) at 0x400db803
file: "./main/temp.c" line 40
func: temp_task
expression: adc_oneshot_read(adc_handle, ADC_CHANNEL_3, &raw)

abort() was called at PC 0x4008983f on core 0


Backtrace: 0x400898e5:0x3ffc8a20 0x400898ad:0x3ffc8a40 0x400893e5:0x3ffc8a60 0x4008983f:0x3ffc8ad0 0x400db803:0x3ffc8b00 0x4016adbe:0x3ffc8b40




ELF file SHA256: a26f7a2d9

Rebooting...
[0;32mI (12) boot: ESP-IDF HEAD-HASH-NOTFOUND 2nd stage bootloader[0m
[0;32mI (13) boot: compile time Apr  9 2026 21:12:27[0m
[0;32mI (13) boot: Multicore bootloader[0m
[0;32mI (14) boot: chip revision: v1.0[0m
[0;32mI (17) boot.esp32: SPI Speed      : 40MHz[0m
[0;32mI (20) boot.esp32: SPI Mode       : DIO[0m
[0;32mI (24) boot.esp32: SPI Flash Size : 2MB[0m
[0;32mI (28) boot: Enabling RNG early entropy source...[0m
[0;32mI (32) boot: Partition Table:[0m
[0;32mI (35) boot: ## Label            Usage          Type ST Offset   Length[0m
[0;32mI (41) boot:  0 nvs              WiFi data        01 02 00009000 00006000[0m
[0;32mI (48) boot:  1 phy_init         RF data          01 01 0000f000 00001000[0m
[0;32mI (54) boot:  2 factory          factory app      00 00 00010000 00100000[0m
[0;32mI (61) boot: End of partition table[0m
[0;32mI (64) esp_image: segment 0: paddr=00010020 vaddr=3f400020 size=1f690h (128656) map[0m
[0;32mI (117) esp_image: segment 1: paddr=0002f6b8 vaddr=3ffb0000 size=00960h (  2400) load[0m
[0;32mI (118) esp_image: segment 2: paddr=00030020 vaddr=400d0020 size=9ed04h (650500) map[0m
[0;32mI (353) esp_image: segment 3: paddr=000ced2c vaddr=3ffb0960 size=03be8h ( 15336) load[0m
[0;32mI (359) esp_image: segment 4: paddr=000d291c vaddr=40080000 size=157c0h ( 88000) load[0m
[0;32mI (395) esp_image: segment 5: paddr=000e80e4 vaddr=50000000 size=00028h (    40) load[0m
[0;32mI (406) boot: Loaded app from partition at offset 0x10000[0m
[0;32mI (406) boot: Disabling RNG early entropy source...[0m
[0;32mI (417) cpu_start: Multicore app[0m
[0;32mI (425) cpu_start: GPIO 3 and 1 are used as console UART I/O pins[0m
[0;32mI (425) cpu_start: Pro cpu start user code[0m
[0;32mI (425) cpu_start: cpu freq: 160000000 Hz[0m
[0;32mI (427) app_init: Application information:[0m
[0;32mI (431) app_init: Project name:     sistema-vacinas-esp32[0m
[0;32mI (436) app_init: App version:      ef18fe4-dirty[0m
[0;32mI (441) app_init: Compile time:     Apr  9 2026 21:12:23[0m
[0;32mI (446) app_init: ELF file SHA256:  a26f7a2d9...[0m
[0;32mI (450) app_init: ESP-IDF:          HEAD-HASH-NOTFOUND[0m
[0;32mI (455) efuse_init: Min chip rev:     v0.0[0m
[0;32mI (459) efuse_init: Max chip rev:     v3.99 [0m
[0;32mI (463) efuse_init: Chip rev:         v1.0[0m
[0;32mI (467) heap_init: Initializing. RAM available for dynamic allocation:[0m
[0;32mI (473) heap_init: At 3FFAE6E0 len 00001920 (6 KiB): DRAM[0m
[0;32mI (478) heap_init: At 3FFB8EF8 len 00027108 (156 KiB): DRAM[0m
[0;32mI (483) heap_init: At 3FFE0440 len 00003AE0 (14 KiB): D/IRAM[0m
[0;32mI (488) heap_init: At 3FFE4350 len 0001BCB0 (111 KiB): D/IRAM[0m
[0;32mI (494) heap_init: At 400957C0 len 0000A840 (42 KiB): IRAM[0m
[0;32mI (501) spi_flash: detected chip: winbond[0m
[0;32mI (503) spi_flash: flash io: dio[0m
[0;33mW (506) spi_flash: Detected size(4096k) larger than the size in the binary image header(2048k). Using the size in the binary image header.[0m
[0;32mI (520) main_task: Started on CPU0[0m
[0;32mI (530) main_task: Calling app_main()[0m
[0;32mI (580) wifi:wifi driver task: 3ffc0a44, prio:23, stack:6656, core=0[0m
[0;32mI (600) wifi:wifi firmware version: 44738b4[0m
[0;32mI (600) wifi:wifi certification version: v7.0[0m
[0;32mI (600) wifi:config NVS flash: enabled[0m
[0;32mI (600) wifi:config nano formatting: disabled[0m
[0;32mI (600) wifi:Init data frame dynamic rx buffer num: 32[0m
[0;32mI (610) wifi:Init static rx mgmt buffer num: 5[0m
[0;32mI (610) wifi:Init management short buffer num: 32[0m
[0;32mI (620) wifi:Init dynamic tx buffer num: 32[0m
[0;32mI (620) wifi:Init static rx buffer size: 1600[0m
[0;32mI (620) wifi:Init static rx buffer num: 10[0m
[0;32mI (630) wifi:Init dynamic rx buffer num: 32[0m
[0;32mI (630) wifi_init: rx ba win: 6[0m
[0;32mI (630) wifi_init: accept mbox: 6[0m
[0;32mI (640) wifi_init: tcpip mbox: 32[0m
[0;32mI (640) wifi_init: udp mbox: 6[0m
[0;32mI (640) wifi_init: tcp mbox: 6[0m
[0;32mI (650) wifi_init: tcp tx win: 5760[0m
[0;32mI (650) wifi_init: tcp rx win: 5760[0m
[0;32mI (650) wifi_init: tcp mss: 1440[0m
[0;32mI (660) wifi_init: WiFi IRAM OP enabled[0m
[0;32mI (660) wifi_init: WiFi RX IRAM OP enabled[0m
[0;32mI (660) phy_init: phy_version 4863,a3a4459,Oct 28 2025,14:30:06[0m
[0;32mI (740) wifi:mode : sta (24:0a:c4:30:ef:58)[0m
[0;32mI (750) wifi:enable tsf[0m
[0;32mI (750) wifi station: wifi_init_sta finished.[0m
[0;32mI (760) wifi:new:<1,0>, old:<1,0>, ap:<255,255>, sta:<1,0>, prof:1, snd_ch_cfg:0x0[0m
[0;32mI (760) wifi:state: init -> auth (0xb0)[0m
[0;32mI (800) wifi:state: auth -> assoc (0x0)[0m
[0;32mI (810) wifi:state: assoc -> run (0x10)[0m
[0;32mI (940) wifi:connected with Bebel, aid = 14, channel 1, BW20, bssid = 84:0b:bb:82:4d:70[0m
[0;32mI (940) wifi:security: WPA2-PSK, phy: bgn, rssi: -48[0m
[0;32mI (950) wifi:pm start, type: 1[0m

[0;32mI (950) wifi:dp: 1, bi: 102400, li: 3, scale listen interval from 307200 us to 307200 us[0m
[0;32mI (1040) wifi:AP's beacon interval = 102400 us, DTIM period = 3[0m
[0;32mI (1350) wifi:<ba-add>idx:0 (ifx:0, 84:0b:bb:82:4d:70), tid:0, ssn:0, winSize:64[0m
[0;32mI (2390) esp_netif_handlers: sta ip: 192.168.15.25, mask: 255.255.255.0, gw: 192.168.15.1[0m
[0;32mI (2390) wifi station: got ip:192.168.15.25[0m
[0;32mI (2390) wifi station: connected to ap SSID:Bebel password:Jhonny2026[0m
ESP_ERROR_CHECK failed: esp_err_t 0x107 (ESP_ERR_TIMEOUT) at 0x400db803
file: "./main/temp.c" line 40
func: temp_task
expression: adc_oneshot_read(adc_handle, ADC_CHANNEL_3, &raw)

abort() was called at PC 0x4008983f on core 0


Backtrace: 0x400898e5:0x3ffc8a20 0x400898ad:0x3ffc8a40 0x400893e5:0x3ffc8a60 0x4008983f:0x3ffc8ad0 0x400db803:0x3ffc8b00 0x4016adbe:0x3ffc8b40




ELF file SHA256: a26f7a2d9

Rebooting...
[0;32mI (12) boot: ESP-IDF HEAD-HASH-NOTFOUND 2nd stage bootloader[0m
[0;32mI (13) boot: compile time Apr  9 2026 21:12:27[0m
[0;32mI (13) boot: Multicore bootloader[0m
[0;32mI (14) boot: chip revision: v1.0[0m
[0;32mI (17) boot.esp32: SPI Speed      : 40MHz[0m
[0;32mI (20) boot.esp32: SPI Mode       : DIO[0m
[0;32mI (24) boot.esp32: SPI Flash Size : 2MB[0m
[0;32mI (28) boot: Enabling RNG early entropy source...[0m
[0;32mI (32) boot: Partition Table:[0m
[0;32mI (35) boot: ## Label            Usage          Type ST Offset   Length[0m
[0;32mI (41) boot:  0 nvs              WiFi data        01 02 00009000 00006000[0m
[0;32mI (48) boot:  1 phy_init         RF data          01 01 0000f000 00001000[0m
[0;32mI (54) boot:  2 factory          factory app      00 00 00010000 00100000[0m
[0;32mI (61) boot: End of partition table[0m
[0;32mI (64) esp_image: segment 0: paddr=00010020 vaddr=3f400020 size=1f690h (128656) map[0m
[0;32mI (117) esp_image: segment 1: paddr=0002f6b8 vaddr=3ffb0000 size=00960h (  2400) load[0m
[0;32mI (118) esp_image: segment 2: paddr=00030020 vaddr=400d0020 size=9ed04h (650500) map[0m
[0;32mI (353) esp_image: segment 3: paddr=000ced2c vaddr=3ffb0960 size=03be8h ( 15336) load[0m
[0;32mI (359) esp_image: segment 4: paddr=000d291c vaddr=40080000 size=157c0h ( 88000) load[0m
[0;32mI (395) esp_image: segment 5: paddr=000e80e4 vaddr=50000000 size=00028h (    40) load[0m
[0;32mI (406) boot: Loaded app from partition at offset 0x10000[0m
[0;32mI (406) boot: Disabling RNG early entropy source...[0m
[0;32mI (417) cpu_start: Multicore app[0m
[0;32mI (425) cpu_start: GPIO 3 and 1 are used as console UART I/O pins[0m
[0;32mI (425) cpu_start: Pro cpu start user code[0m
[0;32mI (425) cpu_start: cpu freq: 160000000 Hz[0m
[0;32mI (427) app_init: Application information:[0m
[0;32mI (431) app_init: Project name:     sistema-vacinas-esp32[0m
[0;32mI (436) app_init: App version:      ef18fe4-dirty[0m
[0;32mI (441) app_init: Compile time:     Apr  9 2026 21:12:23[0m
[0;32mI (446) app_init: ELF file SHA256:  a26f7a2d9...[0m
[0;32mI (450) app_init: ESP-IDF:          HEAD-HASH-NOTFOUND[0m
[0;32mI (455) efuse_init: Min chip rev:     v0.0[0m
[0;32mI (459) efuse_init: Max chip rev:     v3.99 [0m
[0;32mI (463) efuse_init: Chip rev:         v1.0[0m
[0;32mI (467) heap_init: Initializing. RAM available for dynamic allocation:[0m
[0;32mI (473) heap_init: At 3FFAE6E0 len 00001920 (6 KiB): DRAM[0m
[0;32mI (478) heap_init: At 3FFB8EF8 len 00027108 (156 KiB): DRAM[0m
[0;32mI (483) heap_init: At 3FFE0440 len 00003AE0 (14 KiB): D/IRAM[0m
[0;32mI (488) heap_init: At 3FFE4350 len 0001BCB0 (111 KiB): D/IRAM[0m
[0;32mI (494) heap_init: At 400957C0 len 0000A840 (42 KiB): IRAM[0m
[0;32mI (501) spi_flash: detected chip: winbond[0m
[0;32mI (503) spi_flash: flash io: dio[0m
[0;33mW (506) spi_flash: Detected size(4096k) larger than the size in the binary image header(2048k). Using the size in the binary image header.[0m
[0;32mI (520) main_task: Started on CPU0[0m
[0;32mI (530) main_task: Calling app_main()[0m
[0;32mI (580) wifi:wifi driver task: 3ffc0a44, prio:23, stack:6656, core=0[0m
[0;32mI (600) wifi:wifi firmware version: 44738b4[0m
[0;32mI (600) wifi:wifi certification version: v7.0[0m
[0;32mI (600) wifi:config NVS flash: enabled[0m
[0;32mI (600) wifi:config nano formatting: disabled[0m
[0;32mI (600) wifi:Init data frame dynamic rx buffer num: 32[0m
[0;32mI (610) wifi:Init static rx mgmt buffer num: 5[0m
[0;32mI (610) wifi:Init management short buffer num: 32[0m
[0;32mI (620) wifi:Init dynamic tx buffer num: 32[0m
[0;32mI (620) wifi:Init static rx buffer size: 1600[0m
[0;32mI (620) wifi:Init static rx buffer num: 10[0m
[0;32mI (630) wifi:Init dynamic rx buffer num: 32[0m
[0;32mI (630) wifi_init: rx ba win: 6[0m
[0;32mI (630) wifi_init: accept mbox: 6[0m
[0;32mI (640) wifi_init: tcpip mbox: 32[0m
[0;32mI (640) wifi_init: udp mbox: 6[0m
[0;32mI (640) wifi_init: tcp mbox: 6[0m
[0;32mI (650) wifi_init: tcp tx win: 5760[0m
[0;32mI (650) wifi_init: tcp rx win: 5760[0m
[0;32mI (650) wifi_init: tcp mss: 1440[0m
[0;32mI (660) wifi_init: WiFi IRAM OP enabled[0m
[0;32mI (660) wifi_init: WiFi RX IRAM OP enabled[0m
[0;32mI (660) phy_init: phy_version 4863,a3a4459,Oct 28 2025,14:30:06[0m
[0;32mI (750) wifi:mode : sta (24:0a:c4:30:ef:58)[0m
[0;32mI (750) wifi:enable tsf[0m
[0;32mI (750) wifi station: wifi_init_sta finished.[0m
[0;32mI (760) wifi:new:<1,0>, old:<1,0>, ap:<255,255>, sta:<1,0>, prof:1, snd_ch_cfg:0x0[0m
[0;32mI (770) wifi:state: init -> auth (0xb0)[0m
[0;32mI (800) wifi:state: auth -> assoc (0x0)[0m
[0;32mI (820) wifi:state: assoc -> run (0x10)[0m
[0;32mI (950) wifi:connected with Bebel, aid = 14, channel 1, BW20, bssid = 84:0b:bb:82:4d:70[0m
[0;32mI (950) wifi:security: WPA2-PSK, phy: bgn, rssi: -49[0m
[0;32mI (950) wifi:pm start, type: 1[0m

[0;32mI (950) wifi:dp: 1, bi: 102400, li: 3, scale listen interval from 307200 us to 307200 us[0m
[0;32mI (1050) wifi:AP's beacon interval = 102400 us, DTIM period = 3[0m
[0;32mI (1360) wifi:<ba-add>idx:0 (ifx:0, 84:0b:bb:82:4d:70), tid:0, ssn:0, winSize:64[0m
[0;32mI (2390) esp_netif_handlers: sta ip: 192.168.15.25, mask: 255.255.255.0, gw: 192.168.15.1[0m
[0;32mI (2390) wifi station: got ip:192.168.15.25[0m
[0;32mI (2390) wifi station: connected to ap SSID:Bebel password:Jhonny2026[0m
ESP_ERROR_CHECK failed: esp_err_t 0x107 (ESP_ERR_TIMEOUT) at 0x400db803
file: "./main/temp.c" line 40
func: temp_task
expression: adc_oneshot_read(adc_handle, ADC_CHANNEL_3, &raw)

abort() was called at PC 0x4008983f on core 0


Backtrace: 0x400898e5:0x3ffc8a20 0x400898ad:0x3ffc8a40 0x400893e5:0x3ffc8a60 0x4008983f:0x3ffc8ad0 0x400db803:0x3ffc8b00 0x4016adbe:0x3ffc8b40




ELF file SHA256: a26f7a2d9

Rebooting...
[0;32mI (12) boot: ESP-IDF HEAD-HASH-NOTFOUND 2nd stage bootloader[0m
[0;32mI (13) boot: compile time Apr  9 2026 21:12:27[0m
[0;32mI (13) boot: Multicore bootloader[0m
[0;32mI (14) boot: chip revision: v1.0[0m
[0;32mI (17) boot.esp32: SPI Speed      : 40MHz[0m
[0;32mI (20) boot.esp32: SPI Mode       : DIO[0m
[0;32mI (24) boot.esp32: SPI Flash Size : 2MB[0m
[0;32mI (28) boot: Enabling RNG early entropy source...[0m
[0;32mI (32) boot: Partition Table:[0m
[0;32mI (35) boot: ## Label            Usage          Type ST Offset   Length[0m
[0;32mI (41) boot:  0 nvs              WiFi data        01 02 00009000 00006000[0m
[0;32mI (48) boot:  1 phy_init         RF data          01 01 0000f000 00001000[0m
[0;32mI (54) boot:  2 factory          factory app      00 00 00010000 00100000[0m
[0;32mI (61) boot: End of partition table[0m
[0;32mI (64) esp_image: segment 0: paddr=00010020 vaddr=3f400020 size=1f690h (128656) map[0m
[0;32mI (117) esp_image: segment 1: paddr=0002f6b8 vaddr=3ffb0000 size=00960h (  2400) load[0m
[0;32mI (118) esp_image: segment 2: paddr=00030020 vaddr=400d0020 size=9ed04h (650500) map[0m
[0;32mI (353) esp_image: segment 3: paddr=000ced2c vaddr=3ffb0960 size=03be8h ( 15336) load[0m
[0;32mI (359) esp_image: segment 4: paddr=000d291c vaddr=40080000 size=157c0h ( 88000) load[0m
[0;32mI (395) esp_image: segment 5: paddr=000e80e4 vaddr=50000000 size=00028h (    40) load[0m
[0;32mI (406) boot: Loaded app from partition at offset 0x10000[0m
[0;32mI (406) boot: Disabling RNG early entropy source...[0m
[0;32mI (417) cpu_start: Multicore app[0m
[0;32mI (425) cpu_start: GPIO 3 and 1 are used as console UART I/O pins[0m
[0;32mI (425) cpu_start: Pro cpu start user code[0m
[0;32mI (425) cpu_start: cpu freq: 160000000 Hz[0m
[0;32mI (427) app_init: Application information:[0m
[0;32mI (431) app_init: Project name:     sistema-vacinas-esp32[0m
[0;32mI (436) app_init: App version:      ef18fe4-dirty[0m
[0;32mI (441) app_init: Compile time:     Apr  9 2026 21:12:23[0m
[0;32mI (446) app_init: ELF file SHA256:  a26f7a2d9...[0m
[0;32mI (450) app_init: ESP-IDF:          HEAD-HASH-NOTFOUND[0m
[0;32mI (455) efuse_init: Min chip rev:     v0.0[0m
[0;32mI (459) efuse_init: Max chip rev:     v3.99 [0m
[0;32mI (463) efuse_init: Chip rev:         v1.0[0m
[0;32mI (467) heap_init: Initializing. RAM available for dynamic allocation:[0m
[0;32mI (473) heap_init: At 3FFAE6E0 len 00001920 (6 KiB): DRAM[0m
[0;32mI (478) heap_init: At 3FFB8EF8 len 00027108 (156 KiB): DRAM[0m
[0;32mI (483) heap_init: At 3FFE0440 len 00003AE0 (14 KiB): D/IRAM[0m
[0;32mI (488) heap_init: At 3FFE4350 len 0001BCB0 (111 KiB): D/IRAM[0m
[0;32mI (494) heap_init: At 400957C0 len 0000A840 (42 KiB): IRAM[0m
[0;32mI (501) spi_flash: detected chip: winbond[0m
[0;32mI (503) spi_flash: flash io: dio[0m
[0;33mW (506) spi_flash: Detected size(4096k) larger than the size in the binary image header(2048k). Using the size in the binary image header.[0m
[0;32mI (520) main_task: Started on CPU0[0m
[0;32mI (530) main_task: Calling app_main()[0m
[0;32mI (580) wifi:wifi driver task: 3ffc0a44, prio:23, stack:6656, core=0[0m
[0;32mI (600) wifi:wifi firmware version: 44738b4[0m
[0;32mI (600) wifi:wifi certification version: v7.0[0m
[0;32mI (600) wifi:config NVS flash: enabled[0m
[0;32mI (600) wifi:config nano formatting: disabled[0m
[0;32mI (600) wifi:Init data frame dynamic rx buffer num: 32[0m
[0;32mI (610) wifi:Init static rx mgmt buffer num: 5[0m
[0;32mI (610) wifi:Init management short buffer num: 32[0m
[0;32mI (620) wifi:Init dynamic tx buffer num: 32[0m
[0;32mI (620) wifi:Init static rx buffer size: 1600[0m
[0;32mI (620) wifi:Init static rx buffer num: 10[0m
[0;32mI (630) wifi:Init dynamic rx buffer num: 32[0m
[0;32mI (630) wifi_init: rx ba win: 6[0m
[0;32mI (630) wifi_init: accept mbox: 6[0m
[0;32mI (640) wifi_init: tcpip mbox: 32[0m
[0;32mI (640) wifi_init: udp mbox: 6[0m
[0;32mI (640) wifi_init: tcp mbox: 6[0m
[0;32mI (650) wifi_init: tcp tx win: 5760[0m
[0;32mI (650) wifi_init: tcp rx win: 5760[0m
[0;32mI (650) wifi_init: tcp mss: 1440[0m
[0;32mI (660) wifi_init: WiFi IRAM OP enabled[0m
[0;32mI (660) wifi_init: WiFi RX IRAM OP enabled[0m
[0;32mI (660) phy_init: phy_version 4863,a3a4459,Oct 28 2025,14:30:06[0m
[0;32mI (750) wifi:mode : sta (24:0a:c4:30:ef:58)[0m
[0;32mI (750) wifi:enable tsf[0m
[0;32mI (750) wifi station: wifi_init_sta finished.[0m
[0;32mI (760) wifi:new:<1,0>, old:<1,0>, ap:<255,255>, sta:<1,0>, prof:1, snd_ch_cfg:0x0[0m
[0;32mI (760) wifi:state: init -> auth (0xb0)[0m
[0;32mI (800) wifi:state: auth -> assoc (0x0)[0m
[0;32mI (810) wifi:state: assoc -> run (0x10)[0m
[0;32mI (930) wifi:connected with Bebel, aid = 14, channel 1, BW20, bssid = 84:0b:bb:82:4d:70[0m
[0;32mI (930) wifi:security: WPA2-PSK, phy: bgn, rssi: -49[0m
[0;32mI (930) wifi:pm start, type: 1[0m

[0;32mI (930) wifi:dp: 1, bi: 102400, li: 3, scale listen interval from 307200 us to 307200 us[0m
[0;32mI (950) wifi:AP's beacon interval = 102400 us, DTIM period = 3[0m
[0;32mI (1370) wifi:<ba-add>idx:0 (ifx:0, 84:0b:bb:82:4d:70), tid:0, ssn:0, winSize:64[0m
[0;32mI (2440) esp_netif_handlers: sta ip: 192.168.15.25, mask: 255.255.255.0, gw: 192.168.15.1[0m
[0;32mI (2440) wifi station: got ip:192.168.15.25[0m
[0;32mI (2440) wifi station: connected to ap SSID:Bebel password:Jhonny2026[0m
ESP_ERROR_CHECK failed: esp_err_t 0x107 (ESP_ERR_TIMEOUT) at 0x400db803
file: "./main/temp.c" line 40
func: temp_task
expression: adc_oneshot_read(adc_handle, ADC_CHANNEL_3, &raw)

abort() was called at PC 0x4008983f on core 0


Backtrace: 0x400898e5:0x3ffc8a20 0x400898ad:0x3ffc8a40 0x400893e5:0x3ffc8a60 0x4008983f:0x3ffc8ad0 0x400db803:0x3ffc8b00 0x4016adbe:0x3ffc8b40




ELF file SHA256: a26f7a2d9

Rebooting...
[0;32mI (12) boot: ESP-IDF HEAD-HASH-NOTFOUND 2nd stage bootloader[0m
[0;32mI (13) boot: compile time Apr  9 2026 21:12:27[0m
[0;32mI (13) boot: Multicore bootloader[0m
[0;32mI (14) boot: chip revision: v1.0[0m
[0;32mI (17) boot.esp32: SPI Speed      : 40MHz[0m
[0;32mI (20) boot.esp32: SPI Mode       : DIO[0m
[0;32mI (24) boot.esp32: SPI Flash Size : 2MB[0m
[0;32mI (28) boot: Enabling RNG early entropy source...[0m
[0;32mI (32) boot: Partition Table:[0m
[0;32mI (35) boot: ## Label            Usage          Type ST Offset   Length[0m
[0;32mI (41) boot:  0 nvs              WiFi data        01 02 00009000 00006000[0m
[0;32mI (48) boot:  1 phy_init         RF data          01 01 0000f000 00001000[0m
[0;32mI (54) boot:  2 factory          factory app      00 00 00010000 00100000[0m
[0;32mI (61) boot: End of partition table[0m
[0;32mI (64) esp_image: segment 0: paddr=00010020 vaddr=3f400020 size=1f690h (128656) map[0m
[0;32mI (117) esp_image: segment 1: paddr=0002f6b8 vaddr=3ffb0000 size=00960h (  2400) load[0m
[0;32mI (118) esp_image: segment 2: paddr=00030020 vaddr=400d0020 size=9ed04h (650500) map[0m
[0;32mI (353) esp_image: segment 3: paddr=000ced2c vaddr=3ffb0960 size=03be8h ( 15336) load[0m
[0;32mI (359) esp_image: segment 4: paddr=000d291c vaddr=40080000 size=157c0h ( 88000) load[0m
[0;32mI (395) esp_image: segment 5: paddr=000e80e4 vaddr=50000000 size=00028h (    40) load[0m
[0;32mI (406) boot: Loaded app from partition at offset 0x10000[0m
[0;32mI (406) boot: Disabling RNG early entropy source...[0m
[0;32mI (417) cpu_start: Multicore app[0m
[0;32mI (425) cpu_start: GPIO 3 and 1 are used as console UART I/O pins[0m
[0;32mI (425) cpu_start: Pro cpu start user code[0m
[0;32mI (425) cpu_start: cpu freq: 160000000 Hz[0m
[0;32mI (427) app_init: Application information:[0m
[0;32mI (431) app_init: Project name:     sistema-vacinas-esp32[0m
[0;32mI (436) app_init: App version:      ef18fe4-dirty[0m
[0;32mI (441) app_init: Compile time:     Apr  9 2026 21:12:23[0m
[0;32mI (446) app_init: ELF file SHA256:  a26f7a2d9...[0m
[0;32mI (450) app_init: ESP-IDF:          HEAD-HASH-NOTFOUND[0m
[0;32mI (455) efuse_init: Min chip rev:     v0.0[0m
[0;32mI (459) efuse_init: Max chip rev:     v3.99 [0m
[0;32mI (463) efuse_init: Chip rev:         v1.0[0m
[0;32mI (467) heap_init: Initializing. RAM available for dynamic allocation:[0m
[0;32mI (473) heap_init: At 3FFAE6E0 len 00001920 (6 KiB): DRAM[0m
[0;32mI (478) heap_init: At 3FFB8EF8 len 00027108 (156 KiB): DRAM[0m
[0;32mI (483) heap_init: At 3FFE0440 len 00003AE0 (14 KiB): D/IRAM[0m
[0;32mI (488) heap_init: At 3FFE4350 len 0001BCB0 (111 KiB): D/IRAM[0m
[0;32mI (494) heap_init: At 400957C0 len 0000A840 (42 KiB): IRAM[0m
[0;32mI (501) spi_flash: detected chip: winbond[0m
[0;32mI (503) spi_flash: flash io: dio[0m
[0;33mW (506) spi_flash: Detected size(4096k) larger than the size in the binary image header(2048k). Using the size in the binary image header.[0m
[0;32mI (520) main_task: Started on CPU0[0m
[0;32mI (530) main_task: Calling app_main()[0m
[0;32mI (580) wifi:wifi driver task: 3ffc0a44, prio:23, stack:6656, core=0[0m
[0;32mI (600) wifi:wifi firmware version: 44738b4[0m
[0;32mI (600) wifi:wifi certification version: v7.0[0m
[0;32mI (600) wifi:config NVS flash: enabled[0m
[0;32mI (600) wifi:config nano formatting: disabled[0m
[0;32mI (600) wifi:Init data frame dynamic rx buffer num: 32[0m
[0;32mI (610) wifi:Init static rx mgmt buffer num: 5[0m
[0;32mI (610) wifi:Init management short buffer num: 32[0m
[0;32mI (620) wifi:Init dynamic tx buffer num: 32[0m
[0;32mI (620) wifi:Init static rx buffer size: 1600[0m
[0;32mI (620) wifi:Init static rx buffer num: 10[0m
[0;32mI (630) wifi:Init dynamic rx buffer num: 32[0m
[0;32mI (630) wifi_init: rx ba win: 6[0m
[0;32mI (630) wifi_init: accept mbox: 6[0m
[0;32mI (640) wifi_init: tcpip mbox: 32[0m
[0;32mI (640) wifi_init: udp mbox: 6[0m
[0;32mI (640) wifi_init: tcp mbox: 6[0m
[0;32mI (650) wifi_init: tcp tx win: 5760[0m
[0;32mI (650) wifi_init: tcp rx win: 5760[0m
[0;32mI (650) wifi_init: tcp mss: 1440[0m
[0;32mI (660) wifi_init: WiFi IRAM OP enabled[0m
[0;32mI (660) wifi_init: WiFi RX IRAM OP enabled[0m
[0;32mI (660) phy_init: phy_version 4863,a3a4459,Oct 28 2025,14:30:06[0m
[0;32mI (750) wifi:mode : sta (24:0a:c4:30:ef:58)[0m
[0;32mI (750) wifi:enable tsf[0m
[0;32mI (750) wifi station: wifi_init_sta finished.[0m
[0;32mI (760) wifi:new:<1,0>, old:<1,0>, ap:<255,255>, sta:<1,0>, prof:1, snd_ch_cfg:0x0[0m
[0;32mI (760) wifi:state: init -> auth (0xb0)[0m
[0;32mI (800) wifi:state: auth -> assoc (0x0)[0m
[0;32mI (820) wifi:state: assoc -> run (0x10)[0m
[0;32mI (920) wifi:connected with Bebel, aid = 14, channel 1, BW20, bssid = 84:0b:bb:82:4d:70[0m
[0;32mI (920) wifi:security: WPA2-PSK, phy: bgn, rssi: -50[0m
[0;32mI (920) wifi:pm start, type: 1[0m

[0;32mI (920) wifi:dp: 1, bi: 102400, li: 3, scale listen interval from 307200 us to 307200 us[0m
[0;32mI (1020) wifi:AP's beacon interval = 102400 us, DTIM period = 3[0m
[0;32mI (1330) wifi:<ba-add>idx:0 (ifx:0, 84:0b:bb:82:4d:70), tid:0, ssn:0, winSize:64[0m
[0;32mI (2350) esp_netif_handlers: sta ip: 192.168.15.25, mask: 255.255.255.0, gw: 192.168.15.1[0m
[0;32mI (2350) wifi station: got ip:192.168.15.25[0m
[0;32mI (2350) wifi station: connected to ap SSID:Bebel password:Jhonny2026[0m
ESP_ERROR_CHECK failed: esp_err_t 0x107 (ESP_ERR_TIMEOUT) at 0x400db803
file: "./main/temp.c" line 40
func: temp_task
expression: adc_oneshot_read(adc_handle, ADC_CHANNEL_3, &raw)

abort() was called at PC 0x4008983f on core 0


Backtrace: 0x400898e5:0x3ffc8a20 0x400898ad:0x3ffc8a40 0x400893e5:0x3ffc8a60 0x4008983f:0x3ffc8ad0 0x400db803:0x3ffc8b00 0x4016adbe:0x3ffc8b40




ELF file SHA256: a26f7a2d9

Rebooting...
[0;32mI (12) boot: ESP-IDF HEAD-HASH-NOTFOUND 2nd stage bootloader[0m
[0;32mI (13) boot: compile time Apr  9 2026 21:12:27[0m
[0;32mI (13) boot: Multicore bootloader[0m
[0;32mI (14) boot: chip revision: v1.0[0m
[0;32mI (17) boot.esp32: SPI Speed      : 40MHz[0m
[0;32mI (20) boot.esp32: SPI Mode       : DIO[0m
[0;32mI (24) boot.esp32: SPI Flash Size : 2MB[0m
[0;32mI (28) boot: Enabling RNG early entropy source...[0m
[0;32mI (32) boot: Partition Table:[0m
[0;32mI (35) boot: ## Label            Usage          Type ST Offset   Length[0m
[0;32mI (41) boot:  0 nvs              WiFi data        01 02 00009000 00006000[0m
[0;32mI (48) boot:  1 phy_init         RF data          01 01 0000f000 00001000[0m
[0;32mI (54) boot:  2 factory          factory app      00 00 00010000 00100000[0m
[0;32mI (61) boot: End of partition table[0m
[0;32mI (64) esp_image: segment 0: paddr=00010020 vaddr=3f400020 size=1f690h (128656) map[0m
[0;32mI (117) esp_image: segment 1: paddr=0002f6b8 vaddr=3ffb0000 size=00960h (  2400) load[0m
[0;32mI (118) esp_image: segment 2: paddr=00030020 vaddr=400d0020 size=9ed04h (650500) map[0m
[0;32mI (353) esp_image: segment 3: paddr=000ced2c vaddr=3ffb0960 size=03be8h ( 15336) load[0m
[0;32mI (359) esp_image: segment 4: paddr=000d291c vaddr=40080000 size=157c0h ( 88000) load[0m
[0;32mI (395) esp_image: segment 5: paddr=000e80e4 vaddr=50000000 size=00028h (    40) load[0m
[0;32mI (406) boot: Loaded app from partition at offset 0x10000[0m
[0;32mI (406) boot: Disabling RNG early entropy source...[0m
[0;32mI (417) cpu_start: Multicore app[0m
[0;32mI (425) cpu_start: GPIO 3 and 1 are used as console UART I/O pins[0m
[0;32mI (425) cpu_start: Pro cpu start user code[0m
[0;32mI (425) cpu_start: cpu freq: 160000000 Hz[0m
[0;32mI (427) app_init: Application information:[0m
[0;32mI (431) app_init: Project name:     sistema-vacinas-esp32[0m
[0;32mI (436) app_init: App version:      ef18fe4-dirty[0m
[0;32mI (441) app_init: Compile time:     Apr  9 2026 21:12:23[0m
[0;32mI (446) app_init: ELF file SHA256:  a26f7a2d9...[0m
[0;32mI (450) app_init: ESP-IDF:          HEAD-HASH-NOTFOUND[0m
[0;32mI (455) efuse_init: Min chip rev:     v0.0[0m
[0;32mI (459) efuse_init: Max chip rev:     v3.99 [0m
[0;32mI (463) efuse_init: Chip rev:         v1.0[0m
[0;32mI (467) heap_init: Initializing. RAM available for dynamic allocation:[0m
[0;32mI (473) heap_init: At 3FFAE6E0 len 00001920 (6 KiB): DRAM[0m
[0;32mI (478) heap_init: At 3FFB8EF8 len 00027108 (156 KiB): DRAM[0m
[0;32mI (483) heap_init: At 3FFE0440 len 00003AE0 (14 KiB): D/IRAM[0m
[0;32mI (488) heap_init: At 3FFE4350 len 0001BCB0 (111 KiB): D/IRAM[0m
[0;32mI (494) heap_init: At 400957C0 len 0000A840 (42 KiB): IRAM[0m
[0;32mI (501) spi_flash: detected chip: winbond[0m
[0;32mI (503) spi_flash: flash io: dio[0m
[0;33mW (506) spi_flash: Detected size(4096k) larger than the size in the binary image header(2048k). Using the size in the binary image header.[0m
[0;32mI (520) main_task: Started on CPU0[0m
[0;32mI (530) main_task: Calling app_main()[0m
[0;32mI (580) wifi:wifi driver task: 3ffc0a44, prio:23, stack:6656, core=0[0m
[0;32mI (600) wifi:wifi firmware version: 44738b4[0m
[0;32mI (600) wifi:wifi certification version: v7.0[0m
[0;32mI (600) wifi:config NVS flash: enabled[0m
[0;32mI (600) wifi:config nano formatting: disabled[0m
[0;32mI (600) wifi:Init data frame dynamic rx buffer num: 32[0m
[0;32mI (610) wifi:Init static rx mgmt buffer num: 5[0m
[0;32mI (610) wifi:Init management short buffer num: 32[0m
[0;32mI (620) wifi:Init dynamic tx buffer num: 32[0m
[0;32mI (620) wifi:Init static rx buffer size: 1600[0m
[0;32mI (620) wifi:Init static rx buffer num: 10[0m
[0;32mI (630) wifi:Init dynamic rx buffer num: 32[0m
[0;32mI (630) wifi_init: rx ba win: 6[0m
[0;32mI (630) wifi_init: accept mbox: 6[0m
[0;32mI (640) wifi_init: tcpip mbox: 32[0m
[0;32mI (640) wifi_init: udp mbox: 6[0m
[0;32mI (640) wifi_init: tcp mbox: 6[0m
[0;32mI (650) wifi_init: tcp tx win: 5760[0m
[0;32mI (650) wifi_init: tcp rx win: 5760[0m
[0;32mI (650) wifi_init: tcp mss: 1440[0m
[0;32mI (660) wifi_init: WiFi IRAM OP enabled[0m
[0;32mI (660) wifi_init: WiFi RX IRAM OP enabled[0m
[0;32mI (660) phy_init: phy_version 4863,a3a4459,Oct 28 2025,14:30:06[0m
[0;32mI (740) wifi:mode : sta (24:0a:c4:30:ef:58)[0m
[0;32mI (750) wifi:enable tsf[0m
[0;32mI (750) wifi station: wifi_init_sta finished.[0m
[0;32mI (770) wifi:new:<1,0>, old:<1,0>, ap:<255,255>, sta:<1,0>, prof:1, snd_ch_cfg:0x0[0m
[0;32mI (770) wifi:state: init -> auth (0xb0)[0m
[0;32mI (800) wifi:state: auth -> assoc (0x0)[0m
[0;32mI (810) wifi:state: assoc -> run (0x10)[0m
[0;32mI (950) wifi:connected with Bebel, aid = 14, channel 1, BW20, bssid = 84:0b:bb:82:4d:70[0m
[0;32mI (950) wifi:security: WPA2-PSK, phy: bgn, rssi: -50[0m
[0;32mI (960) wifi:pm start, type: 1[0m

[0;32mI (960) wifi:dp: 1, bi: 102400, li: 3, scale listen interval from 307200 us to 307200 us[0m
[0;32mI (970) wifi:AP's beacon interval = 102400 us, DTIM period = 3[0m
[0;32mI (1380) wifi:<ba-add>idx:0 (ifx:0, 84:0b:bb:82:4d:70), tid:0, ssn:0, winSize:64[0m
[0;32mI (2420) esp_netif_handlers: sta ip: 192.168.15.25, mask: 255.255.255.0, gw: 192.168.15.1[0m
[0;32mI (2420) wifi station: got ip:192.168.15.25[0m
[0;32mI (2420) wifi station: connected to ap SSID:Bebel password:Jhonny2026[0m
ESP_ERROR_CHECK failed: esp_err_t 0x107 (ESP_ERR_TIMEOUT) at 0x400db803
file: "./main/temp.c" line 40
func: temp_task
expression: adc_oneshot_read(adc_handle, ADC_CHANNEL_3, &raw)

abort() was called at PC 0x4008983f on core 0


Backtrace: 0x400898e5:0x3ffc8a20 0x400898ad:0x3ffc8a40 0x400893e5:0x3ffc8a60 0x4008983f:0x3ffc8ad0 0x400db803:0x3ffc8b00 0x4016adbe:0x3ffc8b40




ELF file SHA256: a26f7a2d9

Rebooting...
[0;32mI (12) boot: ESP-IDF HEAD-HASH-NOTFOUND 2nd stage bootloader[0m
[0;32mI (13) boot: compile time Apr  9 2026 21:12:27[0m
[0;32mI (13) boot: Multicore bootloader[0m
[0;32mI (14) boot: chip revision: v1.0[0m
[0;32mI (17) boot.esp32: SPI Speed      : 40MHz[0m
[0;32mI (20) boot.esp32: SPI Mode       : DIO[0m
[0;32mI (24) boot.esp32: SPI Flash Size : 2MB[0m
[0;32mI (28) boot: Enabling RNG early entropy source...[0m
[0;32mI (32) boot: Partition Table:[0m
[0;32mI (35) boot: ## Label            Usage          Type ST Offset   Length[0m
[0;32mI (41) boot:  0 nvs              WiFi data        01 02 00009000 00006000[0m
[0;32mI (48) boot:  1 phy_init         RF data          01 01 0000f000 00001000[0m
[0;32mI (54) boot:  2 factory          factory app      00 00 00010000 00100000[0m
[0;32mI (61) boot: End of partition table[0m
[0;32mI (64) esp_image: segment 0: paddr=00010020 vaddr=3f400020 size=1f690h (128656) map[0m
[0;32mI (117) esp_image: segment 1: paddr=0002f6b8 vaddr=3ffb0000 size=00960h (  2400) load[0m
[0;32mI (118) esp_image: segment 2: paddr=00030020 vaddr=400d0020 size=9ed04h (650500) map[0m
[0;32mI (353) esp_image: segment 3: paddr=000ced2c vaddr=3ffb0960 size=03be8h ( 15336) load[0m
[0;32mI (359) esp_image: segment 4: paddr=000d291c vaddr=40080000 size=157c0h ( 88000) load[0m
[0;32mI (395) esp_image: segment 5: paddr=000e80e4 vaddr=50000000 size=00028h (    40) load[0m
[0;32mI (406) boot: Loaded app from partition at offset 0x10000[0m
[0;32mI (406) boot: Disabling RNG early entropy source...[0m
[0;32mI (417) cpu_start: Multicore app[0m
[0;32mI (425) cpu_start: GPIO 3 and 1 are used as console UART I/O pins[0m
[0;32mI (425) cpu_start: Pro cpu start user code[0m
[0;32mI (425) cpu_start: cpu freq: 160000000 Hz[0m
[0;32mI (427) app_init: Application information:[0m
[0;32mI (431) app_init: Project name:     sistema-vacinas-esp32[0m
[0;32mI (436) app_init: App version:      ef18fe4-dirty[0m
[0;32mI (441) app_init: Compile time:     Apr  9 2026 21:12:23[0m
[0;32mI (446) app_init: ELF file SHA256:  a26f7a2d9...[0m
[0;32mI (450) app_init: ESP-IDF:          HEAD-HASH-NOTFOUND[0m
[0;32mI (455) efuse_init: Min chip rev:     v0.0[0m
[0;32mI (459) efuse_init: Max chip rev:     v3.99 [0m
[0;32mI (463) efuse_init: Chip rev:         v1.0[0m
[0;32mI (467) heap_init: Initializing. RAM available for dynamic allocation:[0m
[0;32mI (473) heap_init: At 3FFAE6E0 len 00001920 (6 KiB): DRAM[0m
[0;32mI (478) heap_init: At 3FFB8EF8 len 00027108 (156 KiB): DRAM[0m
[0;32mI (483) heap_init: At 3FFE0440 len 00003AE0 (14 KiB): D/IRAM[0m
[0;32mI (488) heap_init: At 3FFE4350 len 0001BCB0 (111 KiB): D/IRAM[0m
[0;32mI (494) heap_init: At 400957C0 len 0000A840 (42 KiB): IRAM[0m
[0;32mI (501) spi_flash: detected chip: winbond[0m
[0;32mI (503) spi_flash: flash io: dio[0m
[0;33mW (506) spi_flash: Detected size(4096k) larger than the size in the binary image header(2048k). Using the size in the binary image header.[0m
[0;32mI (520) main_task: Started on CPU0[0m
[0;32mI (530) main_task: Calling app_main()[0m
[0;32mI (580) wifi:wifi driver task: 3ffc0a44, prio:23, stack:6656, core=0[0m
[0;32mI (600) wifi:wifi firmware version: 44738b4[0m
[0;32mI (600) wifi:wifi certification version: v7.0[0m
[0;32mI (600) wifi:config NVS flash: enabled[0m
[0;32mI (600) wifi:config nano formatting: disabled[0m
[0;32mI (600) wifi:Init data frame dynamic rx buffer num: 32[0m
[0;32mI (610) wifi:Init static rx mgmt buffer num: 5[0m
[0;32mI (610) wifi:Init management short buffer num: 32[0m
[0;32mI (620) wifi:Init dynamic tx buffer num: 32[0m
[0;32mI (620) wifi:Init static rx buffer size: 1600[0m
[0;32mI (620) wifi:Init static rx buffer num: 10[0m
[0;32mI (630) wifi:Init dynamic rx buffer num: 32[0m
[0;32mI (630) wifi_init: rx ba win: 6[0m
[0;32mI (630) wifi_init: accept mbox: 6[0m
[0;32mI (640) wifi_init: tcpip mbox: 32[0m
[0;32mI (640) wifi_init: udp mbox: 6[0m
[0;32mI (640) wifi_init: tcp mbox: 6[0m
[0;32mI (650) wifi_init: tcp tx win: 5760[0m
[0;32mI (650) wifi_init: tcp rx win: 5760[0m
[0;32mI (650) wifi_init: tcp mss: 1440[0m
[0;32mI (660) wifi_init: WiFi IRAM OP enabled[0m
[0;32mI (660) wifi_init: WiFi RX IRAM OP enabled[0m
[0;32mI (660) phy_init: phy_version 4863,a3a4459,Oct 28 2025,14:30:06[0m
[0;32mI (740) wifi:mode : sta (24:0a:c4:30:ef:58)[0m
[0;32mI (750) wifi:enable tsf[0m
[0;32mI (750) wifi station: wifi_init_sta finished.[0m
[0;32mI (760) wifi:new:<1,0>, old:<1,0>, ap:<255,255>, sta:<1,0>, prof:1, snd_ch_cfg:0x0[0m
[0;32mI (760) wifi:state: init -> auth (0xb0)[0m
[0;32mI (800) wifi:state: auth -> assoc (0x0)[0m
[0;32mI (810) wifi:state: assoc -> run (0x10)[0m
[0;32mI (910) wifi:connected with Bebel, aid = 14, channel 1, BW20, bssid = 84:0b:bb:82:4d:70[0m
[0;32mI (920) wifi:security: WPA2-PSK, phy: bgn, rssi: -50[0m
[0;32mI (920) wifi:pm start, type: 1[0m

[0;32mI (920) wifi:dp: 1, bi: 102400, li: 3, scale listen interval from 307200 us to 307200 us[0m
[0;32mI (950) wifi:AP's beacon interval = 102400 us, DTIM period = 3[0m
[0;32mI (1360) wifi:<ba-add>idx:0 (ifx:0, 84:0b:bb:82:4d:70), tid:0, ssn:0, winSize:64[0m
[0;32mI (2400) esp_netif_handlers: sta ip: 192.168.15.25, mask: 255.255.255.0, gw: 192.168.15.1[0m
[0;32mI (2400) wifi station: got ip:192.168.15.25[0m
[0;32mI (2400) wifi station: connected to ap SSID:Bebel password:Jhonny2026[0m
ESP_ERROR_CHECK failed: esp_err_t 0x107 (ESP_ERR_TIMEOUT) at 0x400db803
file: "./main/temp.c" line 40
func: temp_task
expression: adc_oneshot_read(adc_handle, ADC_CHANNEL_3, &raw)

abort() was called at PC 0x4008983f on core 0


Backtrace: 0x400898e5:0x3ffc8a20 0x400898ad:0x3ffc8a40 0x400893e5:0x3ffc8a60 0x4008983f:0x3ffc8ad0 0x400db803:0x3ffc8b00 0x4016adbe:0x3ffc8b40




ELF file SHA256: a26f7a2d9

Rebooting...
[0;32mI (12) boot: ESP-IDF HEAD-HASH-NOTFOUND 2nd stage bootloader[0m
[0;32mI (13) boot: compile time Apr  9 2026 21:12:27[0m
[0;32mI (13) boot: Multicore bootloader[0m
[0;32mI (14) boot: chip revision: v1.0[0m
[0;32mI (17) boot.esp32: SPI Speed      : 40MHz[0m
[0;32mI (20) boot.esp32: SPI Mode       : DIO[0m
[0;32mI (24) boot.esp32: SPI Flash Size : 2MB[0m
[0;32mI (28) boot: Enabling RNG early entropy source...[0m
[0;32mI (32) boot: Partition Table:[0m
[0;32mI (35) boot: ## Label            Usage          Type ST Offset   Length[0m
[0;32mI (41) boot:  0 nvs              WiFi data        01 02 00009000 00006000[0m
[0;32mI (48) boot:  1 phy_init         RF data          01 01 0000f000 00001000[0m
[0;32mI (54) boot:  2 factory          factory app      00 00 00010000 00100000[0m
[0;32mI (61) boot: End of partition table[0m
[0;32mI (64) esp_image: segment 0: paddr=00010020 vaddr=3f400020 size=1f690h (128656) map[0m
[0;32mI (117) esp_image: segment 1: paddr=0002f6b8 vaddr=3ffb0000 size=00960h (  2400) load[0m
[0;32mI (118) esp_image: segment 2: paddr=00030020 vaddr=400d0020 size=9ed04h (650500) map[0m
[0;32mI (353) esp_image: segment 3: paddr=000ced2c vaddr=3ffb0960 size=03be8h ( 15336) load[0m
[0;32mI (359) esp_image: segment 4: paddr=000d291c vaddr=40080000 size=157c0h ( 88000) load[0m
[0;32mI (395) esp_image: segment 5: paddr=000e80e4 vaddr=50000000 size=00028h (    40) load[0m
[0;32mI (406) boot: Loaded app from partition at offset 0x10000[0m
[0;32mI (406) boot: Disabling RNG early entropy source...[0m
[0;32mI (417) cpu_start: Multicore app[0m
[0;32mI (425) cpu_start: GPIO 3 and 1 are used as console UART I/O pins[0m
[0;32mI (425) cpu_start: Pro cpu start user code[0m
[0;32mI (425) cpu_start: cpu freq: 160000000 Hz[0m
[0;32mI (427) app_init: Application information:[0m
[0;32mI (431) app_init: Project name:     sistema-vacinas-esp32[0m
[0;32mI (436) app_init: App version:      ef18fe4-dirty[0m
[0;32mI (441) app_init: Compile time:     Apr  9 2026 21:12:23[0m
[0;32mI (446) app_init: ELF file SHA256:  a26f7a2d9...[0m
[0;32mI (450) app_init: ESP-IDF:          HEAD-HASH-NOTFOUND[0m
[0;32mI (455) efuse_init: Min chip rev:     v0.0[0m
[0;32mI (459) efuse_init: Max chip rev:     v3.99 [0m
[0;32mI (463) efuse_init: Chip rev:         v1.0[0m
[0;32mI (467) heap_init: Initializing. RAM available for dynamic allocation:[0m
[0;32mI (473) heap_init: At 3FFAE6E0 len 00001920 (6 KiB): DRAM[0m
[0;32mI (478) heap_init: At 3FFB8EF8 len 00027108 (156 KiB): DRAM[0m
[0;32mI (483) heap_init: At 3FFE0440 len 00003AE0 (14 KiB): D/IRAM[0m
[0;32mI (488) heap_init: At 3FFE4350 len 0001BCB0 (111 KiB): D/IRAM[0m
[0;32mI (494) heap_init: At 400957C0 len 0000A840 (42 KiB): IRAM[0m
[0;32mI (501) spi_flash: detected chip: winbond[0m
[0;32mI (503) spi_flash: flash io: dio[0m
[0;33mW (506) spi_flash: Detected size(4096k) larger than the size in the binary image header(2048k). Using the size in the binary image header.[0m
[0;32mI (520) main_task: Started on CPU0[0m
[0;32mI (530) main_task: Calling app_main()[0m
[0;32mI (580) wifi:wifi driver task: 3ffc0a44, prio:23, stack:6656, core=0[0m
[0;32mI (600) wifi:wifi firmware version: 44738b4[0m
[0;32mI (600) wifi:wifi certification version: v7.0[0m
[0;32mI (600) wifi:config NVS flash: enabled[0m
[0;32mI (600) wifi:config nano formatting: disabled[0m
[0;32mI (600) wifi:Init data frame dynamic rx buffer num: 32[0m
[0;32mI (610) wifi:Init static rx mgmt buffer num: 5[0m
[0;32mI (610) wifi:Init management short buffer num: 32[0m
[0;32mI (620) wifi:Init dynamic tx buffer num: 32[0m
[0;32mI (620) wifi:Init static rx buffer size: 1600[0m
[0;32mI (620) wifi:Init static rx buffer num: 10[0m
[0;32mI (630) wifi:Init dynamic rx buffer num: 32[0m
[0;32mI (630) wifi_init: rx ba win: 6[0m
[0;32mI (630) wifi_init: accept mbox: 6[0m
[0;32mI (640) wifi_init: tcpip mbox: 32[0m
[0;32mI (640) wifi_init: udp mbox: 6[0m
[0;32mI (640) wifi_init: tcp mbox: 6[0m
[0;32mI (650) wifi_init: tcp tx win: 5760[0m
[0;32mI (650) wifi_init: tcp rx win: 5760[0m
[0;32mI (650) wifi_init: tcp mss: 1440[0m
[0;32mI (660) wifi_init: WiFi IRAM OP enabled[0m
[0;32mI (660) wifi_init: WiFi RX IRAM OP enabled[0m
[0;32mI (660) phy_init: phy_version 4863,a3a4459,Oct 28 2025,14:30:06[0m
[0;32mI (750) wifi:mode : sta (24:0a:c4:30:ef:58)[0m
[0;32mI (750) wifi:enable tsf[0m
[0;32mI (750) wifi station: wifi_init_sta finished.[0m
[0;32mI (770) wifi:new:<1,0>, old:<1,0>, ap:<255,255>, sta:<1,0>, prof:1, snd_ch_cfg:0x0[0m
[0;32mI (770) wifi:state: init -> auth (0xb0)[0m
[0;32mI (800) wifi:state: auth -> assoc (0x0)[0m
[0;32mI (810) wifi:state: assoc -> run (0x10)[0m
[0;32mI (930) wifi:connected with Bebel, aid = 14, channel 1, BW20, bssid = 84:0b:bb:82:4d:70[0m
[0;32mI (930) wifi:security: WPA2-PSK, phy: bgn, rssi: -49[0m
[0;32mI (930) wifi:pm start, type: 1[0m

[0;32mI (930) wifi:dp: 1, bi: 102400, li: 3, scale listen interval from 307200 us to 307200 us[0m
[0;32mI (950) wifi:AP's beacon interval = 102400 us, DTIM period = 3[0m
[0;32mI (1360) wifi:<ba-add>idx:0 (ifx:0, 84:0b:bb:82:4d:70), tid:0, ssn:0, winSize:64[0m
[0;32mI (2390) esp_netif_handlers: sta ip: 192.168.15.25, mask: 255.255.255.0, gw: 192.168.15.1[0m
[0;32mI (2390) wifi station: got ip:192.168.15.25[0m
[0;32mI (2390) wifi station: connected to ap SSID:Bebel password:Jhonny2026[0m
ESP_ERROR_CHECK failed: esp_err_t 0x107 (ESP_ERR_TIMEOUT) at 0x400db803
file: "./main/temp.c" line 40
func: temp_task
expression: adc_oneshot_read(adc_handle, ADC_CHANNEL_3, &raw)

abort() was called at PC 0x4008983f on core 0


Backtrace: 0x400898e5:0x3ffc8a20 0x400898ad:0x3ffc8a40 0x400893e5:0x3ffc8a60 0x4008983f:0x3ffc8ad0 0x400db803:0x3ffc8b00 0x4016adbe:0x3ffc8b40




ELF file SHA256: a26f7a2d9

Rebooting...
[0;32mI (12) boot: ESP-IDF HEAD-HASH-NOTFOUND 2nd stage bootloader[0m
[0;32mI (13) boot: compile time Apr  9 2026 21:12:27[0m
[0;32mI (13) boot: Multicore bootloader[0m
[0;32mI (14) boot: chip revision: v1.0[0m
[0;32mI (17) boot.esp32: SPI Speed      : 40MHz[0m
[0;32mI (20) boot.esp32: SPI Mode       : DIO[0m
[0;32mI (24) boot.esp32: SPI Flash Size : 2MB[0m
[0;32mI (28) boot: Enabling RNG early entropy source...[0m
[0;32mI (32) boot: Partition Table:[0m
[0;32mI (35) boot: ## Label            Usage          Type ST Offset   Length[0m
[0;32mI (41) boot:  0 nvs              WiFi data        01 02 00009000 00006000[0m
[0;32mI (48) boot:  1 phy_init         RF data          01 01 0000f000 00001000[0m
[0;32mI (54) boot:  2 factory          factory app      00 00 00010000 00100000[0m
[0;32mI (61) boot: End of partition table[0m
[0;32mI (64) esp_image: segment 0: paddr=00010020 vaddr=3f400020 size=1f690h (128656) map[0m
[0;32mI (117) esp_image: segment 1: paddr=0002f6b8 vaddr=3ffb0000 size=00960h (  2400) load[0m
[0;32mI (118) esp_image: segment 2: paddr=00030020 vaddr=400d0020 size=9ed04h (650500) map[0m
[0;32mI (353) esp_image: segment 3: paddr=000ced2c vaddr=3ffb0960 size=03be8h ( 15336) load[0m
[0;32mI (359) esp_image: segment 4: paddr=000d291c vaddr=40080000 size=157c0h ( 88000) load[0m
[0;32mI (395) esp_image: segment 5: paddr=000e80e4 vaddr=50000000 size=00028h (    40) load[0m
[0;32mI (406) boot: Loaded app from partition at offset 0x10000[0m
[0;32mI (406) boot: Disabling RNG early entropy source...[0m
[0;32mI (417) cpu_start: Multicore app[0m
[0;32mI (425) cpu_start: GPIO 3 and 1 are used as console UART I/O pins[0m
[0;32mI (425) cpu_start: Pro cpu start user code[0m
[0;32mI (425) cpu_start: cpu freq: 160000000 Hz[0m
[0;32mI (427) app_init: Application information:[0m
[0;32mI (431) app_init: Project name:     sistema-vacinas-esp32[0m
[0;32mI (436) app_init: App version:      ef18fe4-dirty[0m
[0;32mI (441) app_init: Compile time:     Apr  9 2026 21:12:23[0m
[0;32mI (446) app_init: ELF file SHA256:  a26f7a2d9...[0m
[0;32mI (450) app_init: ESP-IDF:          HEAD-HASH-NOTFOUND[0m
[0;32mI (455) efuse_init: Min chip rev:     v0.0[0m
[0;32mI (459) efuse_init: Max chip rev:     v3.99 [0m
[0;32mI (463) efuse_init: Chip rev:         v1.0[0m
[0;32mI (467) heap_init: Initializing. RAM available for dynamic allocation:[0m
[0;32mI (473) heap_init: At 3FFAE6E0 len 00001920 (6 KiB): DRAM[0m
[0;32mI (478) heap_init: At 3FFB8EF8 len 00027108 (156 KiB): DRAM[0m
[0;32mI (483) heap_init: At 3FFE0440 len 00003AE0 (14 KiB): D/IRAM[0m
[0;32mI (488) heap_init: At 3FFE4350 len 0001BCB0 (111 KiB): D/IRAM[0m
[0;32mI (494) heap_init: At 400957C0 len 0000A840 (42 KiB): IRAM[0m
[0;32mI (501) spi_flash: detected chip: winbond[0m
[0;32mI (503) spi_flash: flash io: dio[0m
[0;33mW (506) spi_flash: Detected size(4096k) larger than the size in the binary image header(2048k). Using the size in the binary image header.[0m
[0;32mI (520) main_task: Started on CPU0[0m
[0;32mI (530) main_task: Calling app_main()[0m
[0;32mI (580) wifi:wifi driver task: 3ffc0a44, prio:23, stack:6656, core=0[0m
[0;32mI (600) wifi:wifi firmware version: 44738b4[0m
[0;32mI (600) wifi:wifi certification version: v7.0[0m
[0;32mI (600) wifi:config NVS flash: enabled[0m
[0;32mI (600) wifi:config nano formatting: disabled[0m
[0;32mI (600) wifi:Init data frame dynamic rx buffer num: 32[0m
[0;32mI (610) wifi:Init static rx mgmt buffer num: 5[0m
[0;32mI (610) wifi:Init management short buffer num: 32[0m
[0;32mI (620) wifi:Init dynamic tx buffer num: 32[0m
[0;32mI (620) wifi:Init static rx buffer size: 1600[0m
[0;32mI (620) wifi:Init static rx buffer num: 10[0m
[0;32mI (630) wifi:Init dynamic rx buffer num: 32[0m
[0;32mI (630) wifi_init: rx ba win: 6[0m
[0;32mI (630) wifi_init: accept mbox: 6[0m
[0;32mI (640) wifi_init: tcpip mbox: 32[0m
[0;32mI (640) wifi_init: udp mbox: 6[0m
[0;32mI (640) wifi_init: tcp mbox: 6[0m
[0;32mI (650) wifi_init: tcp tx win: 5760[0m
[0;32mI (650) wifi_init: tcp rx win: 5760[0m
[0;32mI (650) wifi_init: tcp mss: 1440[0m
[0;32mI (660) wifi_init: WiFi IRAM OP enabled[0m
[0;32mI (660) wifi_init: WiFi RX IRAM OP enabled[0m
[0;32mI (660) phy_init: phy_version 4863,a3a4459,Oct 28 2025,14:30:06[0m
[0;32mI (750) wifi:mode : sta (24:0a:c4:30:ef:58)[0m
[0;32mI (750) wifi:enable tsf[0m
[0;32mI (750) wifi station: wifi_init_sta finished.[0m
[0;32mI (760) wifi:new:<1,0>, old:<1,0>, ap:<255,255>, sta:<1,0>, prof:1, snd_ch_cfg:0x0[0m
[0;32mI (760) wifi:state: init -> auth (0xb0)[0m
[0;32mI (800) wifi:state: auth -> assoc (0x0)[0m
[0;32mI (810) wifi:state: assoc -> run (0x10)[0m
[0;32mI (950) wifi:connected with Bebel, aid = 14, channel 1, BW20, bssid = 84:0b:bb:82:4d:70[0m
[0;32mI (950) wifi:security: WPA2-PSK, phy: bgn, rssi: -49[0m
[0;32mI (950) wifi:pm start, type: 1[0m

[0;32mI (950) wifi:dp: 1, bi: 102400, li: 3, scale listen interval from 307200 us to 307200 us[0m
[0;32mI (960) wifi:AP's beacon interval = 102400 us, DTIM period = 3[0m
[0;32mI (1370) wifi:<ba-add>idx:0 (ifx:0, 84:0b:bb:82:4d:70), tid:0, ssn:0, winSize:64[0m
[0;32mI (2410) esp_netif_handlers: sta ip: 192.168.15.25, mask: 255.255.255.0, gw: 192.168.15.1[0m
[0;32mI (2410) wifi station: got ip:192.168.15.25[0m
[0;32mI (2410) wifi station: connected to ap SSID:Bebel password:Jhonny2026[0m
ESP_ERROR_CHECK failed: esp_err_t 0x107 (ESP_ERR_TIMEOUT) at 0x400db803
file: "./main/temp.c" line 40
func: temp_task
expression: adc_oneshot_read(adc_handle, ADC_CHANNEL_3, &raw)

abort() was called at PC 0x4008983f on core 0


Backtrace: 0x400898e5:0x3ffc8a20 0x400898ad:0x3ffc8a40 0x400893e5:0x3ffc8a60 0x4008983f:0x3ffc8ad0 0x400db803:0x3ffc8b00 0x4016adbe:0x3ffc8b40




ELF file SHA256: a26f7a2d9

Rebooting...
[0;32mI (12) boot: ESP-IDF HEAD-HASH-NOTFOUND 2nd stage bootloader[0m
[0;32mI (13) boot: compile time Apr  9 2026 21:12:27[0m
[0;32mI (13) boot: Multicore bootloader[0m
[0;32mI (14) boot: chip revision: v1.0[0m
[0;32mI (17) boot.esp32: SPI Speed      : 40MHz[0m
[0;32mI (20) boot.esp32: SPI Mode       : DIO[0m
[0;32mI (24) boot.esp32: SPI Flash Size : 2MB[0m
[0;32mI (28) boot: Enabling RNG early entropy source...[0m
[0;32mI (32) boot: Partition Table:[0m
[0;32mI (35) boot: ## Label            Usage          Type ST Offset   Length[0m
[0;32mI (41) boot:  0 nvs              WiFi data        01 02 00009000 00006000[0m
[0;32mI (48) boot:  1 phy_init         RF data          01 01 0000f000 00001000[0m
[0;32mI (54) boot:  2 factory          factory app      00 00 00010000 00100000[0m
[0;32mI (61) boot: End of partition table[0m
[0;32mI (64) esp_image: segment 0: paddr=00010020 vaddr=3f400020 size=1f690h (128656) map[0m
[0;32mI (117) esp_image: segment 1: paddr=0002f6b8 vaddr=3ffb0000 size=00960h (  2400) load[0m
[0;32mI (118) esp_image: segment 2: paddr=00030020 vaddr=400d0020 size=9ed04h (650500) map[0m
[0;32mI (353) esp_image: segment 3: paddr=000ced2c vaddr=3ffb0960 size=03be8h ( 15336) load[0m
[0;32mI (359) esp_image: segment 4: paddr=000d291c vaddr=40080000 size=157c0h ( 88000) load[0m
[0;32mI (395) esp_image: segment 5: paddr=000e80e4 vaddr=50000000 size=00028h (    40) load[0m
[0;32mI (406) boot: Loaded app from partition at offset 0x10000[0m
[0;32mI (406) boot: Disabling RNG early entropy source...[0m
[0;32mI (417) cpu_start: Multicore app[0m
[0;32mI (425) cpu_start: GPIO 3 and 1 are used as console UART I/O pins[0m
[0;32mI (425) cpu_start: Pro cpu start user code[0m
[0;32mI (425) cpu_start: cpu freq: 160000000 Hz[0m
[0;32mI (427) app_init: Application information:[0m
[0;32mI (431) app_init: Project name:     sistema-vacinas-esp32[0m
[0;32mI (436) app_init: App version:      ef18fe4-dirty[0m
[0;32mI (441) app_init: Compile time:     Apr  9 2026 21:12:23[0m
[0;32mI (446) app_init: ELF file SHA256:  a26f7a2d9...[0m
[0;32mI (450) app_init: ESP-IDF:          HEAD-HASH-NOTFOUND[0m
[0;32mI (455) efuse_init: Min chip rev:     v0.0[0m
[0;32mI (459) efuse_init: Max chip rev:     v3.99 [0m
[0;32mI (463) efuse_init: Chip rev:         v1.0[0m
[0;32mI (467) heap_init: Initializing. RAM available for dynamic allocation:[0m
[0;32mI (473) heap_init: At 3FFAE6E0 len 00001920 (6 KiB): DRAM[0m
[0;32mI (478) heap_init: At 3FFB8EF8 len 00027108 (156 KiB): DRAM[0m
[0;32mI (483) heap_init: At 3FFE0440 len 00003AE0 (14 KiB): D/IRAM[0m
[0;32mI (488) heap_init: At 3FFE4350 len 0001BCB0 (111 KiB): D/IRAM[0m
[0;32mI (494) heap_init: At 400957C0 len 0000A840 (42 KiB): IRAM[0m
[0;32mI (501) spi_flash: detected chip: winbond[0m
[0;32mI (503) spi_flash: flash io: dio[0m
[0;33mW (506) spi_flash: Detected size(4096k) larger than the size in the binary image header(2048k). Using the size in the binary image header.[0m
[0;32mI (520) main_task: Started on CPU0[0m
[0;32mI (530) main_task: Calling app_main()[0m
[0;32mI (580) wifi:wifi driver task: 3ffc0a44, prio:23, stack:6656, core=0[0m
[0;32mI (600) wifi:wifi firmware version: 44738b4[0m
[0;32mI (600) wifi:wifi certification version: v7.0[0m
[0;32mI (600) wifi:config NVS flash: enabled[0m
[0;32mI (600) wifi:config nano formatting: disabled[0m
[0;32mI (600) wifi:Init data frame dynamic rx buffer num: 32[0m
[0;32mI (610) wifi:Init static rx mgmt buffer num: 5[0m
[0;32mI (610) wifi:Init management short buffer num: 32[0m
[0;32mI (620) wifi:Init dynamic tx buffer num: 32[0m
[0;32mI (620) wifi:Init static rx buffer size: 1600[0m
[0;32mI (620) wifi:Init static rx buffer num: 10[0m
[0;32mI (630) wifi:Init dynamic rx buffer num: 32[0m
[0;32mI (630) wifi_init: rx ba win: 6[0m
[0;32mI (630) wifi_init: accept mbox: 6[0m
[0;32mI (640) wifi_init: tcpip mbox: 32[0m
[0;32mI (640) wifi_init: udp mbox: 6[0m
[0;32mI (640) wifi_init: tcp mbox: 6[0m
[0;32mI (650) wifi_init: tcp tx win: 5760[0m
[0;32mI (650) wifi_init: tcp rx win: 5760[0m
[0;32mI (650) wifi_init: tcp mss: 1440[0m
[0;32mI (660) wifi_init: WiFi IRAM OP enabled[0m
[0;32mI (660) wifi_init: WiFi RX IRAM OP enabled[0m
[0;32mI (660) phy_init: phy_version 4863,a3a4459,Oct 28 2025,14:30:06[0m
[0;32mI (750) wifi:mode : sta (24:0a:c4:30:ef:58)[0m
[0;32mI (750) wifi:enable tsf[0m
[0;32mI (750) wifi station: wifi_init_sta finished.[0m
[0;32mI (770) wifi:new:<1,0>, old:<1,0>, ap:<255,255>, sta:<1,0>, prof:1, snd_ch_cfg:0x0[0m
[0;32mI (770) wifi:state: init -> auth (0xb0)[0m
[0;32mI (800) wifi:state: auth -> assoc (0x0)[0m
[0;32mI (810) wifi:state: assoc -> run (0x10)[0m
[0;32mI (920) wifi:connected with Bebel, aid = 14, channel 1, BW20, bssid = 84:0b:bb:82:4d:70[0m
[0;32mI (920) wifi:security: WPA2-PSK, phy: bgn, rssi: -49[0m
[0;32mI (930) wifi:pm start, type: 1[0m

[0;32mI (930) wifi:dp: 1, bi: 102400, li: 3, scale listen interval from 307200 us to 307200 us[0m
[0;32mI (950) wifi:AP's beacon interval = 102400 us, DTIM period = 3[0m
[0;32mI (1360) wifi:<ba-add>idx:0 (ifx:0, 84:0b:bb:82:4d:70), tid:0, ssn:0, winSize:64[0m
[0;32mI (2370) esp_netif_handlers: sta ip: 192.168.15.25, mask: 255.255.255.0, gw: 192.168.15.1[0m
[0;32mI (2370) wifi station: got ip:192.168.15.25[0m
[0;32mI (2370) wifi station: connected to ap SSID:Bebel password:Jhonny2026[0m
ESP_ERROR_CHECK failed: esp_err_t 0x107 (ESP_ERR_TIMEOUT) at 0x400db803
file: "./main/temp.c" line 40
func: temp_task
expression: adc_oneshot_read(adc_handle, ADC_CHANNEL_3, &raw)

abort() was called at PC 0x4008983f on core 0


Backtrace: 0x400898e5:0x3ffc8a20 0x400898ad:0x3ffc8a40 0x400893e5:0x3ffc8a60 0x4008983f:0x3ffc8ad0 0x400db803:0x3ffc8b00 0x4016adbe:0x3ffc8b40




ELF file SHA256: a26f7a2d9

Rebooting...
[0;32mI (12) boot: ESP-IDF HEAD-HASH-NOTFOUND 2nd stage bootloader[0m
[0;32mI (13) boot: compile time Apr  9 2026 21:12:27[0m
[0;32mI (13) boot: Multicore bootloader[0m
[0;32mI (14) boot: chip revision: v1.0[0m
[0;32mI (17) boot.esp32: SPI Speed      : 40MHz[0m
[0;32mI (20) boot.esp32: SPI Mode       : DIO[0m
[0;32mI (24) boot.esp32: SPI Flash Size : 2MB[0m
[0;32mI (28) boot: Enabling RNG early entropy source...[0m
[0;32mI (32) boot: Partition Table:[0m
[0;32mI (35) boot: ## Label            Usage          Type ST Offset   Length[0m
[0;32mI (41) boot:  0 nvs              WiFi data        01 02 00009000 00006000[0m
[0;32mI (48) boot:  1 phy_init         RF data          01 01 0000f000 00001000[0m
[0;32mI (54) boot:  2 factory          factory app      00 00 00010000 00100000[0m
[0;32mI (61) boot: End of partition table[0m
[0;32mI (64) esp_image: segment 0: paddr=00010020 vaddr=3f400020 size=1f690h (128656) map[0m
[0;32mI (117) esp_image: segment 1: paddr=0002f6b8 vaddr=3ffb0000 size=00960h (  2400) load[0m
[0;32mI (118) esp_image: segment 2: paddr=00030020 vaddr=400d0020 size=9ed04h (650500) map[0m
[0;32mI (353) esp_image: segment 3: paddr=000ced2c vaddr=3ffb0960 size=03be8h ( 15336) load[0m
[0;32mI (359) esp_image: segment 4: paddr=000d291c vaddr=40080000 size=157c0h ( 88000) load[0m
[0;32mI (395) esp_image: segment 5: paddr=000e80e4 vaddr=50000000 size=00028h (    40) load[0m
[0;32mI (406) boot: Loaded app from partition at offset 0x10000[0m
[0;32mI (406) boot: Disabling RNG early entropy source...[0m
[0;32mI (417) cpu_start: Multicore app[0m
[0;32mI (425) cpu_start: GPIO 3 and 1 are used as console UART I/O pins[0m
[0;32mI (425) cpu_start: Pro cpu start user code[0m
[0;32mI (425) cpu_start: cpu freq: 160000000 Hz[0m
[0;32mI (427) app_init: Application information:[0m
[0;32mI (431) app_init: Project name:     sistema-vacinas-esp32[0m
[0;32mI (436) app_init: App version:      ef18fe4-dirty[0m
[0;32mI (441) app_init: Compile time:     Apr  9 2026 21:12:23[0m
[0;32mI (446) app_init: ELF file SHA256:  a26f7a2d9...[0m
[0;32mI (450) app_init: ESP-IDF:          HEAD-HASH-NOTFOUND[0m
[0;32mI (455) efuse_init: Min chip rev:     v0.0[0m
[0;32mI (459) efuse_init: Max chip rev:     v3.99 [0m
[0;32mI (463) efuse_init: Chip rev:         v1.0[0m
[0;32mI (467) heap_init: Initializing. RAM available for dynamic allocation:[0m
[0;32mI (473) heap_init: At 3FFAE6E0 len 00001920 (6 KiB): DRAM[0m
[0;32mI (478) heap_init: At 3FFB8EF8 len 00027108 (156 KiB): DRAM[0m
[0;32mI (483) heap_init: At 3FFE0440 len 00003AE0 (14 KiB): D/IRAM[0m
[0;32mI (488) heap_init: At 3FFE4350 len 0001BCB0 (111 KiB): D/IRAM[0m
[0;32mI (494) heap_init: At 400957C0 len 0000A840 (42 KiB): IRAM[0m
[0;32mI (501) spi_flash: detected chip: winbond[0m
[0;32mI (503) spi_flash: flash io: dio[0m
[0;33mW (506) spi_flash: Detected size(4096k) larger than the size in the binary image header(2048k). Using the size in the binary image header.[0m
[0;32mI (520) main_task: Started on CPU0[0m
[0;32mI (530) main_task: Calling app_main()[0m
[0;32mI (580) wifi:wifi driver task: 3ffc0a44, prio:23, stack:6656, core=0[0m
[0;32mI (600) wifi:wifi firmware version: 44738b4[0m
[0;32mI (600) wifi:wifi certification version: v7.0[0m
[0;32mI (600) wifi:config NVS flash: enabled[0m
[0;32mI (600) wifi:config nano formatting: disabled[0m
[0;32mI (600) wifi:Init data frame dynamic rx buffer num: 32[0m
[0;32mI (610) wifi:Init static rx mgmt buffer num: 5[0m
[0;32mI (610) wifi:Init management short buffer num: 32[0m
[0;32mI (620) wifi:Init dynamic tx buffer num: 32[0m
[0;32mI (620) wifi:Init static rx buffer size: 1600[0m
[0;32mI (620) wifi:Init static rx buffer num: 10[0m
[0;32mI (630) wifi:Init dynamic rx buffer num: 32[0m
[0;32mI (630) wifi_init: rx ba win: 6[0m
[0;32mI (630) wifi_init: accept mbox: 6[0m
[0;32mI (640) wifi_init: tcpip mbox: 32[0m
[0;32mI (640) wifi_init: udp mbox: 6[0m
[0;32mI (640) wifi_init: tcp mbox: 6[0m
[0;32mI (650) wifi_init: tcp tx win: 5760[0m
[0;32mI (650) wifi_init: tcp rx win: 5760[0m
[0;32mI (650) wifi_init: tcp mss: 1440[0m
[0;32mI (660) wifi_init: WiFi IRAM OP enabled[0m
[0;32mI (660) wifi_init: WiFi RX IRAM OP enabled[0m
[0;32mI (660) phy_init: phy_version 4863,a3a4459,Oct 28 2025,14:30:06[0m
[0;32mI (740) wifi:mode : sta (24:0a:c4:30:ef:58)[0m
[0;32mI (750) wifi:enable tsf[0m
[0;32mI (750) wifi station: wifi_init_sta finished.[0m
[0;32mI (760) wifi:new:<1,0>, old:<1,0>, ap:<255,255>, sta:<1,0>, prof:1, snd_ch_cfg:0x0[0m
[0;32mI (760) wifi:state: init -> auth (0xb0)[0m
[0;32mI (800) wifi:state: auth -> assoc (0x0)[0m
[0;32mI (810) wifi:state: assoc -> run (0x10)[0m
[0;32mI (920) wifi:connected with Bebel, aid = 14, channel 1, BW20, bssid = 84:0b:bb:82:4d:70[0m
[0;32mI (920) wifi:security: WPA2-PSK, phy: bgn, rssi: -50[0m
[0;32mI (920) wifi:pm start, type: 1[0m

[0;32mI (920) wifi:dp: 1, bi: 102400, li: 3, scale listen interval from 307200 us to 307200 us[0m
[0;32mI (980) wifi:AP's beacon interval = 102400 us, DTIM period = 3[0m
[0;32mI (1390) wifi:<ba-add>idx:0 (ifx:0, 84:0b:bb:82:4d:70), tid:0, ssn:0, winSize:64[0m
[0;32mI (2430) esp_netif_handlers: sta ip: 192.168.15.25, mask: 255.255.255.0, gw: 192.168.15.1[0m
[0;32mI (2430) wifi station: got ip:192.168.15.25[0m
[0;32mI (2430) wifi station: connected to ap SSID:Bebel password:Jhonny2026[0m
ESP_ERROR_CHECK failed: esp_err_t 0x107 (ESP_ERR_TIMEOUT) at 0x400db803
file: "./main/temp.c" line 40
func: temp_task
expression: adc_oneshot_read(adc_handle, ADC_CHANNEL_3, &raw)

abort() was called at PC 0x4008983f on core 0


Backtrace: 0x400898e5:0x3ffc8a20 0x400898ad:0x3ffc8a40 0x400893e5:0x3ffc8a60 0x4008983f:0x3ffc8ad0 0x400db803:0x3ffc8b00 0x4016adbe:0x3ffc8b40




ELF file SHA256: a26f7a2d9

Rebooting...
[0;32mI (12) boot: ESP-IDF HEAD-HASH-NOTFOUND 2nd stage bootloader[0m
[0;32mI (13) boot: compile time Apr  9 2026 21:12:27[0m
[0;32mI (13) boot: Multicore bootloader[0m
[0;32mI (14) boot: chip revision: v1.0[0m
[0;32mI (17) boot.esp32: SPI Speed      : 40MHz[0m
[0;32mI (20) boot.esp32: SPI Mode       : DIO[0m
[0;32mI (24) boot.esp32: SPI Flash Size : 2MB[0m
[0;32mI (28) boot: Enabling RNG early entropy source...[0m
[0;32mI (32) boot: Partition Table:[0m
[0;32mI (35) boot: ## Label            Usage          Type ST Offset   Length[0m
[0;32mI (41) boot:  0 nvs              WiFi data        01 02 00009000 00006000[0m
[0;32mI (48) boot:  1 phy_init         RF data          01 01 0000f000 00001000[0m
[0;32mI (54) boot:  2 factory          factory app      00 00 00010000 00100000[0m
[0;32mI (61) boot: End of partition table[0m
[0;32mI (64) esp_image: segment 0: paddr=00010020 vaddr=3f400020 size=1f690h (128656) map[0m
[0;32mI (117) esp_image: segment 1: paddr=0002f6b8 vaddr=3ffb0000 size=00960h (  2400) load[0m
[0;32mI (118) esp_image: segment 2: paddr=00030020 vaddr=400d0020 size=9ed04h (650500) map[0m
[0;32mI (353) esp_image: segment 3: paddr=000ced2c vaddr=3ffb0960 size=03be8h ( 15336) load[0m
[0;32mI (359) esp_image: segment 4: paddr=000d291c vaddr=40080000 size=157c0h ( 88000) load[0m
[0;32mI (395) esp_image: segment 5: paddr=000e80e4 vaddr=50000000 size=00028h (    40) load[0m
[0;32mI (406) boot: Loaded app from partition at offset 0x10000[0m
[0;32mI (406) boot: Disabling RNG early entropy source...[0m
[0;32mI (417) cpu_start: Multicore app[0m
[0;32mI (425) cpu_start: GPIO 3 and 1 are used as console UART I/O pins[0m
[0;32mI (425) cpu_start: Pro cpu start user code[0m
[0;32mI (425) cpu_start: cpu freq: 160000000 Hz[0m
[0;32mI (427) app_init: Application information:[0m
[0;32mI (431) app_init: Project name:     sistema-vacinas-esp32[0m
[0;32mI (436) app_init: App version:      ef18fe4-dirty[0m
[0;32mI (441) app_init: Compile time:     Apr  9 2026 21:12:23[0m
[0;32mI (446) app_init: ELF file SHA256:  a26f7a2d9...[0m
[0;32mI (450) app_init: ESP-IDF:          HEAD-HASH-NOTFOUND[0m
[0;32mI (455) efuse_init: Min chip rev:     v0.0[0m
[0;32mI (459) efuse_init: Max chip rev:     v3.99 [0m
[0;32mI (463) efuse_init: Chip rev:         v1.0[0m
[0;32mI (467) heap_init: Initializing. RAM available for dynamic allocation:[0m
[0;32mI (473) heap_init: At 3FFAE6E0 len 00001920 (6 KiB): DRAM[0m
[0;32mI (478) heap_init: At 3FFB8EF8 len 00027108 (156 KiB): DRAM[0m
[0;32mI (483) heap_init: At 3FFE0440 len 00003AE0 (14 KiB): D/IRAM[0m
[0;32mI (488) heap_init: At 3FFE4350 len 0001BCB0 (111 KiB): D/IRAM[0m
[0;32mI (494) heap_init: At 400957C0 len 0000A840 (42 KiB): IRAM[0m
[0;32mI (501) spi_flash: detected chip: winbond[0m
[0;32mI (503) spi_flash: flash io: dio[0m
[0;33mW (506) spi_flash: Detected size(4096k) larger than the size in the binary image header(2048k). Using the size in the binary image header.[0m
[0;32mI (520) main_task: Started on CPU0[0m
[0;32mI (530) main_task: Calling app_main()[0m
[0;32mI (580) wifi:wifi driver task: 3ffc0a44, prio:23, stack:6656, core=0[0m
[0;32mI (600) wifi:wifi firmware version: 44738b4[0m
[0;32mI (600) wifi:wifi certification version: v7.0[0m
[0;32mI (600) wifi:config NVS flash: enabled[0m
[0;32mI (600) wifi:config nano formatting: disabled[0m
[0;32mI (600) wifi:Init data frame dynamic rx buffer num: 32[0m
[0;32mI (610) wifi:Init static rx mgmt buffer num: 5[0m
[0;32mI (610) wifi:Init management short buffer num: 32[0m
[0;32mI (620) wifi:Init dynamic tx buffer num: 32[0m
[0;32mI (620) wifi:Init static rx buffer size: 1600[0m
[0;32mI (620) wifi:Init static rx buffer num: 10[0m
[0;32mI (630) wifi:Init dynamic rx buffer num: 32[0m
[0;32mI (630) wifi_init: rx ba win: 6[0m
[0;32mI (630) wifi_init: accept mbox: 6[0m
[0;32mI (640) wifi_init: tcpip mbox: 32[0m
[0;32mI (640) wifi_init: udp mbox: 6[0m
[0;32mI (640) wifi_init: tcp mbox: 6[0m
[0;32mI (650) wifi_init: tcp tx win: 5760[0m
[0;32mI (650) wifi_init: tcp rx win: 5760[0m
[0;32mI (650) wifi_init: tcp mss: 1440[0m
[0;32mI (660) wifi_init: WiFi IRAM OP enabled[0m
[0;32mI (660) wifi_init: WiFi RX IRAM OP enabled[0m
[0;32mI (660) phy_init: phy_version 4863,a3a4459,Oct 28 2025,14:30:06[0m
[0;32mI (750) wifi:mode : sta (24:0a:c4:30:ef:58)[0m
[0;32mI (750) wifi:enable tsf[0m
[0;32mI (750) wifi station: wifi_init_sta finished.[0m
[0;32mI (760) wifi:new:<1,0>, old:<1,0>, ap:<255,255>, sta:<1,0>, prof:1, snd_ch_cfg:0x0[0m
[0;32mI (760) wifi:state: init -> auth (0xb0)[0m
[0;32mI (800) wifi:state: auth -> assoc (0x0)[0m
[0;32mI (810) wifi:state: assoc -> run (0x10)[0m
[0;32mI (920) wifi:connected with Bebel, aid = 14, channel 1, BW20, bssid = 84:0b:bb:82:4d:70[0m
[0;32mI (920) wifi:security: WPA2-PSK, phy: bgn, rssi: -49[0m
[0;32mI (920) wifi:pm start, type: 1[0m

[0;32mI (920) wifi:dp: 1, bi: 102400, li: 3, scale listen interval from 307200 us to 307200 us[0m
[0;32mI (950) wifi:AP's beacon interval = 102400 us, DTIM period = 3[0m
[0;32mI (1360) wifi:<ba-add>idx:0 (ifx:0, 84:0b:bb:82:4d:70), tid:0, ssn:0, winSize:64[0m
[0;32mI (2400) esp_netif_handlers: sta ip: 192.168.15.25, mask: 255.255.255.0, gw: 192.168.15.1[0m
[0;32mI (2400) wifi station: got ip:192.168.15.25[0m
[0;32mI (2400) wifi station: connected to ap SSID:Bebel password:Jhonny2026[0m
ESP_ERROR_CHECK failed: esp_err_t 0x107 (ESP_ERR_TIMEOUT) at 0x400db803
file: "./main/temp.c" line 40
func: temp_task
expression: adc_oneshot_read(adc_handle, ADC_CHANNEL_3, &raw)

abort() was called at PC 0x4008983f on core 0


Backtrace: 0x400898e5:0x3ffc8a20 0x400898ad:0x3ffc8a40 0x400893e5:0x3ffc8a60 0x4008983f:0x3ffc8ad0 0x400db803:0x3ffc8b00 0x4016adbe:0x3ffc8b40




ELF file SHA256: a26f7a2d9

Rebooting...
[0;32mI (12) boot: ESP-IDF HEAD-HASH-NOTFOUND 2nd stage bootloader[0m
[0;32mI (13) boot: compile time Apr  9 2026 21:12:27[0m
[0;32mI (13) boot: Multicore bootloader[0m
[0;32mI (14) boot: chip revision: v1.0[0m
[0;32mI (17) boot.esp32: SPI Speed      : 40MHz[0m
[0;32mI (20) boot.esp32: SPI Mode       : DIO[0m
[0;32mI (24) boot.esp32: SPI Flash Size : 2MB[0m
[0;32mI (28) boot: Enabling RNG early entropy source...[0m
[0;32mI (32) boot: Partition Table:[0m
[0;32mI (35) boot: ## Label            Usage          Type ST Offset   Length[0m
[0;32mI (41) boot:  0 nvs              WiFi data        01 02 00009000 00006000[0m
[0;32mI (48) boot:  1 phy_init         RF data          01 01 0000f000 00001000[0m
[0;32mI (54) boot:  2 factory          factory app      00 00 00010000 00100000[0m
[0;32mI (61) boot: End of partition table[0m
[0;32mI (64) esp_image: segment 0: paddr=00010020 vaddr=3f400020 size=1f690h (128656) map[0m
[0;32mI (117) esp_image: segment 1: paddr=0002f6b8 vaddr=3ffb0000 size=00960h (  2400) load[0m
[0;32mI (118) esp_image: segment 2: paddr=00030020 vaddr=400d0020 size=9ed04h (650500) map[0m
[0;32mI (353) esp_image: segment 3: paddr=000ced2c vaddr=3ffb0960 size=03be8h ( 15336) load[0m
[0;32mI (359) esp_image: segment 4: paddr=000d291c vaddr=40080000 size=157c0h ( 88000) load[0m
[0;32mI (395) esp_image: segment 5: paddr=000e80e4 vaddr=50000000 size=00028h (    40) load[0m
[0;32mI (406) boot: Loaded app from partition at offset 0x10000[0m
[0;32mI (406) boot: Disabling RNG early entropy source...[0m
[0;32mI (417) cpu_start: Multicore app[0m
[0;32mI (425) cpu_start: GPIO 3 and 1 are used as console UART I/O pins[0m
[0;32mI (425) cpu_start: Pro cpu start user code[0m
[0;32mI (425) cpu_start: cpu freq: 160000000 Hz[0m
[0;32mI (427) app_init: Application information:[0m
[0;32mI (431) app_init: Project name:     sistema-vacinas-esp32[0m
[0;32mI (436) app_init: App version:      ef18fe4-dirty[0m
[0;32mI (441) app_init: Compile time:     Apr  9 2026 21:12:23[0m
[0;32mI (446) app_init: ELF file SHA256:  a26f7a2d9...[0m
[0;32mI (450) app_init: ESP-IDF:          HEAD-HASH-NOTFOUND[0m
[0;32mI (455) efuse_init: Min chip rev:     v0.0[0m
[0;32mI (459) efuse_init: Max chip rev:     v3.99 [0m
[0;32mI (463) efuse_init: Chip rev:         v1.0[0m
[0;32mI (467) heap_init: Initializing. RAM available for dynamic allocation:[0m
[0;32mI (473) heap_init: At 3FFAE6E0 len 00001920 (6 KiB): DRAM[0m
[0;32mI (478) heap_init: At 3FFB8EF8 len 00027108 (156 KiB): DRAM[0m
[0;32mI (483) heap_init: At 3FFE0440 len 00003AE0 (14 KiB): D/IRAM[0m
[0;32mI (488) heap_init: At 3FFE4350 len 0001BCB0 (111 KiB): D/IRAM[0m
[0;32mI (494) heap_init: At 400957C0 len 0000A840 (42 KiB): IRAM[0m
[0;32mI (501) spi_flash: detected chip: winbond[0m
[0;32mI (503) spi_flash: flash io: dio[0m
[0;33mW (506) spi_flash: Detected size(4096k) larger than the size in the binary image header(2048k). Using the size in the binary image header.[0m
[0;32mI (520) main_task: Started on CPU0[0m
[0;32mI (530) main_task: Calling app_main()[0m
[0;32mI (580) wifi:wifi driver task: 3ffc0a44, prio:23, stack:6656, core=0[0m
[0;32mI (600) wifi:wifi firmware version: 44738b4[0m
[0;32mI (600) wifi:wifi certification version: v7.0[0m
[0;32mI (600) wifi:config NVS flash: enabled[0m
[0;32mI (600) wifi:config nano formatting: disabled[0m
[0;32mI (600) wifi:Init data frame dynamic rx buffer num: 32[0m
[0;32mI (610) wifi:Init static rx mgmt buffer num: 5[0m
[0;32mI (610) wifi:Init management short buffer num: 32[0m
[0;32mI (620) wifi:Init dynamic tx buffer num: 32[0m
[0;32mI (620) wifi:Init static rx buffer size: 1600[0m
